
  [30;43;1m WARN [39;49;22m Test results may not be as expected because the XML configuration file did not pass validation:

  Line 26:
  - Element 'coverage', attribute 'processUncoveredFiles': The attribute 'processUncoveredFiles' is not allowed.

  Line 27:
  - Element 'include': This element is not expected.


   PASS  Tests\Unit\ExampleTest
  Γ£ô that true is true                                                                                                                                                    0.02s  

   PASS  Tests\Unit\Models\CourseTest
  Γ£ô course can be created                                                                                                                                                3.73s  
  Γ£ô course belongs to instructor                                                                                                                                         0.06s  
  Γ£ô course has lessons                                                                                                                                                   0.07s  
  Γ£ô course has enrollments                                                                                                                                               0.06s  
  Γ£ô course has students                                                                                                                                                  0.06s  
  Γ£ô course status can be published                                                                                                                                       0.05s  
  Γ£ô course can be draft                                                                                                                                                  0.06s  
  Γ£ô course price is numeric                                                                                                                                              0.07s  
  Γ£ô course belongs to category                                                                                                                                           0.06s  

   PASS  Tests\Unit\Models\EnrollmentTest
  Γ£ô enrollment can be created                                                                                                                                            0.07s  
  Γ£ô enrollment belongs to user                                                                                                                                           0.08s  
  Γ£ô enrollment belongs to course                                                                                                                                         0.08s  
  Γ£ô enrollment status can be active                                                                                                                                      0.07s  
  Γ£ô enrollment status can be completed                                                                                                                                   0.08s  
  Γ£ô enrollment status can be dropped                                                                                                                                     0.07s  
  Γ£ô enrollment has progress tracking                                                                                                                                     0.07s  
  Γ£ô enrollment tracks enrollment date                                                                                                                                    0.06s  
  Γ£ô enrollment can track completion date                                                                                                                                 0.09s  
  Γ£ô user cannot enroll twice in same course                                                                                                                              0.07s  
  Γ£ô enrollment progress percentage is numeric                                                                                                                            0.08s  

   PASS  Tests\Unit\Models\PaymentTest
  Γ£ô payment can be created                                                                                                                                               0.15s  
  Γ£ô payment belongs to user                                                                                                                                              0.10s  
  Γ£ô payment status can be pending                                                                                                                                        0.09s  
  Γ£ô payment status can be completed                                                                                                                                      0.10s  
  Γ£ô payment status can be failed                                                                                                                                         0.12s  
  Γ£ô payment supports multiple gateways                                                                                                                                   0.15s  
  Γ£ô payment type can be course purchase                                                                                                                                  0.22s  
  Γ£ô payment type can be wallet deposit                                                                                                                                   0.16s  
  Γ£ô payment amount is numeric                                                                                                                                            0.12s  
  Γ£ô payment has reference                                                                                                                                                0.11s  
  Γ£ô payment is completed method                                                                                                                                          0.11s  
  Γ£ô payment is failed method                                                                                                                                             0.08s  

   PASS  Tests\Unit\Models\UserTest
  Γ£ô user can be created                                                                                                                                                  0.10s  
  Γ£ô user has wallet                                                                                                                                                      0.05s  
  Γ£ô user can have enrollments                                                                                                                                            0.07s  
  Γ£ô user can have badges                                                                                                                                                 0.06s  
  Γ£ô user has role                                                                                                                                                        0.11s  
  Γ£ô user can instruct courses                                                                                                                                            0.06s  
  Γ£ô user email is unique                                                                                                                                                 0.06s  
  Γ£ô user password is hashed                                                                                                                                              0.07s  
  Γ£ô user can have multiple enrollments                                                                                                                                   0.13s  
  Γ£ô user enrolled courses relationship                                                                                                                                   0.13s  
  Γ£ô user has notification preferences                                                                                                                                    0.06s  
  Γ£ô user can have chat sessions                                                                                                                                          0.07s  

   PASS  Tests\Unit\Models\WalletTest
  Γ£ô wallet can be created                                                                                                                                                0.10s  
  Γ£ô wallet belongs to user                                                                                                                                               0.06s  
  Γ£ô wallet can deposit money                                                                                                                                             0.07s  
  Γ£ô wallet can withdraw money                                                                                                                                            0.07s  
  Γ£ô wallet cannot withdraw more than balance                                                                                                                             0.09s  
  Γ£ô wallet has transactions                                                                                                                                              0.08s  
  Γ£ô wallet transaction is recorded                                                                                                                                       0.04s  
  Γ£ô wallet balance is numeric                                                                                                                                            0.05s  
  Γ£ô wallet currency defaults to ngn                                                                                                                                      0.06s  
  Γ£ô wallet get total credits                                                                                                                                             0.07s  
  Γ£ô wallet get formatted balance                                                                                                                                         0.08s  
  Γ£ô wallet multiple deposits                                                                                                                                             0.07s  
  Γ£ô wallet multiple withdrawals                                                                                                                                          0.04s  
  Γ£ô wallet transaction status is success                                                                                                                                 0.07s  

   PASS  Tests\Feature\BasicApiTest
  Γ£ô api root endpoint                                                                                                                                                    0.21s  
  Γ£ô can create basic models                                                                                                                                              0.07s  
  Γ£ô courses api endpoint                                                                                                                                                 0.11s  

   WARN  Tests\Feature\Controllers\AuthControllerTest
  Γ£ô user can register                                                                                                                                                    0.52s  
  Γ£ô user cannot register with existing email                                                                                                                             0.05s  
  Γ£ô user can login                                                                                                                                                       0.06s  
  Γ£ô user cannot login with wrong password                                                                                                                                0.26s  
  Γ£ô user cannot login with nonexistent email                                                                                                                             0.05s  
  Γ£ô user can logout                                                                                                                                                      0.06s  
  Γ£ô user cannot access protected route without token                                                                                                                     0.04s  
  Γ£ô user can access protected route with token                                                                                                                           0.06s  
  - user can refresh token ΓåÆ Refresh token endpoint not implemented                                                                                                      0.07s  
  Γ£ô registration requires name                                                                                                                                           0.11s  
  Γ£ô registration requires email                                                                                                                                          0.11s  
  Γ£ô registration requires password                                                                                                                                       0.04s  

   PASS  Tests\Feature\Controllers\EnrollmentControllerTest
  Γ£ô student can enroll in course                                                                                                                                         0.13s  
  Γ£ô student cannot enroll twice                                                                                                                                          0.08s  
  Γ£ô student can view enrollments                                                                                                                                         0.10s  
  Γ£ô student can view single enrollment                                                                                                                                   0.08s  
  Γ£ô student can view enrollment progress                                                                                                                                 0.09s  
  Γ£ô student can unenroll from course                                                                                                                                     0.07s  
  Γ£ô student cannot view other students enrollment                                                                                                                        0.06s  
  Γ£ô unauthenticated user cannot enroll                                                                                                                                   0.05s  
  Γ£ô student can view my courses                                                                                                                                          0.09s  
  Γ£ô enrollment status can be updated                                                                                                                                     0.10s  

   PASS  Tests\Feature\CourseControllerTest
  Γ£ô guest can view published courses                                                                                                                                     0.14s  
  Γ£ô instructor can create course                                                                                                                                         0.10s  
  Γ£ô student cannot create course                                                                                                                                         0.06s  
  Γ£ô course creation validation                                                                                                                                           0.08s  
  Γ£ô instructor can update own course                                                                                                                                     0.20s  
  Γ£ô instructor cannot update other instructor course                                                                                                                     0.06s  
  Γ£ô course search functionality                                                                                                                                          0.11s  

   FAIL  Tests\Feature\Endpoints\AdvancedFeaturesEndpointsTest
  Γ£ô get learning paths                                                                                                                                                   0.14s  
  Γ¿» create learning path                                                                                                                                                 0.09s  
  Γ¿» get single learning path                                                                                                                                             0.10s  
  Γ£ô get recommendations                                                                                                                                                  0.10s  
  Γ£ô get course based recommendations                                                                                                                                     0.12s  
  Γ£ô get learning path recommendations                                                                                                                                    0.08s  
  Γ£ô get instructor recommendations                                                                                                                                       0.08s  
  Γ£ô get content recommendations                                                                                                                                          0.07s  
  Γ£ô update recommendation preferences                                                                                                                                    0.10s  
  Γ£ô get coupons                                                                                                                                                          0.12s  
  Γ¿» create coupon                                                                                                                                                        0.11s  
  Γ¿» validate coupon                                                                                                                                                      0.06s  
  Γ¿» apply coupon                                                                                                                                                         0.07s  
  Γ£ô get user coupons                                                                                                                                                     0.07s  
  Γ£ô get report types                                                                                                                                                     0.08s  
  Γ¿» generate financial report                                                                                                                                            0.08s  
  Γ¿» generate academic report                                                                                                                                             0.14s  
  Γ£ô get settings                                                                                                                                                         0.10s  
  Γ¿» get public settings                                                                                                                                                  0.08s  
  Γ¿» update setting                                                                                                                                                       0.07s  
  Γ¿» create video stream                                                                                                                                                  0.07s  
  Γ£ô get video stream                                                                                                                                                     0.09s  
  Γ¿» record video view                                                                                                                                                    0.10s  
  Γ¿» update watch time                                                                                                                                                    0.07s  
  Γ£ô mark user online                                                                                                                                                     0.13s  
  Γ£ô mark user offline                                                                                                                                                    0.07s  
  Γ£ô get online users                                                                                                                                                     0.08s  
  Γ£ô get online count                                                                                                                                                     0.10s  

   PASS  Tests\Feature\Endpoints\AnalyticsAdminSearchEndpointsTest
  Γ£ô learning analytics                                                                                                                                                   0.11s  
  Γ£ô course performance analytics                                                                                                                                         0.06s  
  Γ£ô student progress analytics                                                                                                                                           0.06s  
  Γ£ô revenue analytics                                                                                                                                                    0.09s  
  Γ£ô engagement analytics                                                                                                                                                 0.06s  
  Γ£ô comparative analytics                                                                                                                                                0.09s  
  Γ£ô export analytics                                                                                                                                                     0.07s  
  Γ£ô real time analytics                                                                                                                                                  0.08s  
  Γ£ô predictive analytics                                                                                                                                                 0.07s  
  Γ£ô admin dashboard                                                                                                                                                      0.08s  
  Γ£ô admin users                                                                                                                                                          0.08s  
  Γ£ô admin courses                                                                                                                                                        0.10s  
  Γ£ô admin payments                                                                                                                                                       0.08s  
  Γ£ô admin reports                                                                                                                                                        0.11s  
  Γ£ô admin settings                                                                                                                                                       0.07s  
  Γ£ô global search                                                                                                                                                        0.14s  
  Γ£ô course search                                                                                                                                                        0.10s  
  Γ£ô user search                                                                                                                                                          0.08s  
  Γ£ô content search                                                                                                                                                       0.10s  
  Γ£ô search suggestions                                                                                                                                                   0.07s  
  Γ£ô search filters                                                                                                                                                       0.09s  

   PASS  Tests\Feature\Endpoints\AuthEndpointsTest
  Γ£ô register endpoint                                                                                                                                                    0.12s  
  Γ£ô login endpoint                                                                                                                                                       0.08s  
  Γ£ô get user endpoint                                                                                                                                                    0.06s  
  Γ£ô logout endpoint                                                                                                                                                      0.04s  
  Γ£ô forgot password endpoint                                                                                                                                             0.29s  
  Γ£ô reset password endpoint                                                                                                                                              0.27s  
  Γ£ô login with invalid credentials                                                                                                                                       0.06s  
  Γ£ô register with duplicate email                                                                                                                                        0.07s  
  Γ£ô get user without auth                                                                                                                                                0.08s  

   FAIL  Tests\Feature\Endpoints\CertificateBadgeProgressEndpointsTest
  Γ£ô get certificates                                                                                                                                                     0.17s  
  Γ£ô get certificate templates                                                                                                                                            0.15s  
  Γ¿» generate certificate                                                                                                                                                 0.12s  
  Γ£ô bulk generate certificates                                                                                                                                           0.10s  
  Γ£ô get single certificate                                                                                                                                               0.11s  
  Γ¿» download certificate                                                                                                                                                 0.11s  
  Γ¿» revoke certificate                                                                                                                                                   0.24s  
  Γ£ô verify certificate                                                                                                                                                   0.19s  
  Γ£ô get badges                                                                                                                                                           0.17s  
  Γ¿» get badge analytics                                                                                                                                                  0.20s  
  Γ£ô get badge leaderboard                                                                                                                                                0.11s  
  Γ¿» create badge                                                                                                                                                         0.18s  
  Γ£ô award badge                                                                                                                                                          0.12s  
  Γ£ô get course progress                                                                                                                                                  0.13s  
  Γ¿» get lesson progress                                                                                                                                                  0.08s  
  Γ£ô get overall progress                                                                                                                                                 0.18s  
  Γ¿» update progress                                                                                                                                                      0.09s  
  Γ£ô get available certificates                                                                                                                                           0.09s  
  Γ£ô get achievement progress                                                                                                                                             0.12s  
  Γ£ô get streak progress                                                                                                                                                  0.12s  

   PASS  Tests\Feature\Endpoints\CourseEndpointsTest
  Γ£ô get all courses                                                                                                                                                      0.10s  
  Γ£ô get single course                                                                                                                                                    0.08s  
  Γ£ô search courses                                                                                                                                                       0.06s  
  Γ£ô featured courses                                                                                                                                                     0.05s  
  Γ£ô popular courses                                                                                                                                                      0.06s  
  Γ£ô get my courses                                                                                                                                                       0.09s  
  Γ£ô create course                                                                                                                                                        0.07s  
  Γ£ô update course                                                                                                                                                        0.13s  
  Γ£ô delete course                                                                                                                                                        0.14s  
  Γ£ô publish course                                                                                                                                                       0.14s  
  Γ£ô unpublish course                                                                                                                                                     0.11s  
  Γ£ô get course students                                                                                                                                                  0.08s  
  Γ£ô get course analytics                                                                                                                                                 0.13s  

   PASS  Tests\Feature\Endpoints\LessonQuizAssignmentEndpointsTest
  Γ£ô get course lessons                                                                                                                                                   0.13s  
  Γ£ô create lesson                                                                                                                                                        0.08s  
  Γ£ô get single lesson                                                                                                                                                    0.10s  
  Γ£ô update lesson                                                                                                                                                        0.08s  
  Γ£ô delete lesson                                                                                                                                                        0.10s  
  Γ£ô mark lesson complete                                                                                                                                                 0.16s  
  Γ£ô get lesson progress                                                                                                                                                  0.08s  
  Γ£ô track watch time                                                                                                                                                     0.11s  
  Γ£ô get lesson attachments                                                                                                                                               0.09s  
  Γ£ô get lesson quizzes                                                                                                                                                   0.08s  
  Γ£ô create quiz                                                                                                                                                          0.07s  
  Γ£ô get single quiz                                                                                                                                                      0.07s  
  Γ£ô start quiz attempt                                                                                                                                                   0.11s  
  Γ£ô get course assignments                                                                                                                                               0.09s  
  Γ£ô create assignment                                                                                                                                                    0.09s  
  Γ£ô get single assignment                                                                                                                                                0.10s  

   FAIL  Tests\Feature\Endpoints\NotificationFileChatEndpointsTest
  Γ£ô get notifications                                                                                                                                                    0.10s  
  Γ£ô mark notification as read                                                                                                                                            0.11s  
  Γ£ô mark all notifications as read                                                                                                                                       0.07s  
  Γ£ô delete notification                                                                                                                                                  0.07s  
  Γ£ô get notification preferences                                                                                                                                         0.06s  
  Γ£ô update notification preferences                                                                                                                                      0.08s  
  Γ¿» send notification                                                                                                                                                    0.08s  
  Γ£ô broadcast notification                                                                                                                                               0.11s  
  Γ¿» notification analytics                                                                                                                                               0.08s  
  Γ£ô file upload                                                                                                                                                          0.08s  
  Γ¿» file download                                                                                                                                                        0.07s  
  Γ¿» file delete                                                                                                                                                          0.08s  
  Γ£ô list files                                                                                                                                                           0.07s  
  Γ¿» file preview                                                                                                                                                         0.08s  
  Γ¿» file share                                                                                                                                                           0.08s  
  Γ£ô file storage stats                                                                                                                                                   0.08s  
  Γ£ô start chat session                                                                                                                                                   0.10s  
  Γ£ô send chat message                                                                                                                                                    0.08s  
  Γ£ô get chat session history                                                                                                                                             0.11s  
  Γ£ô get user chat sessions                                                                                                                                               0.09s  
  Γ£ô end chat session                                                                                                                                                     0.08s  
  Γ£ô rate chat session                                                                                                                                                    0.07s  
  Γ£ô chat analytics                                                                                                                                                       0.07s  

   PASS  Tests\Feature\Endpoints\UserDashboardEndpointsTest
  Γ£ô get user profile                                                                                                                                                     0.13s  
  Γ£ô update user profile                                                                                                                                                  0.07s  
  Γ£ô get user dashboard                                                                                                                                                   0.10s  
  Γ£ô get user achievements                                                                                                                                                0.09s  
  Γ£ô get learning stats                                                                                                                                                   0.12s  
  Γ£ô update user preferences                                                                                                                                              0.10s  
  Γ£ô get user notifications                                                                                                                                               0.09s  
  Γ£ô mark notifications read                                                                                                                                              0.12s  
  Γ£ô change password                                                                                                                                                      0.09s  
  Γ£ô student dashboard                                                                                                                                                    0.10s  
  Γ£ô instructor dashboard                                                                                                                                                 0.08s  
  Γ£ô admin dashboard                                                                                                                                                      0.15s  
  Γ£ô dashboard analytics                                                                                                                                                  0.09s  
  Γ£ô get user badges                                                                                                                                                      0.16s  
  Γ£ô get my badges                                                                                                                                                        0.10s  

   PASS  Tests\Feature\Endpoints\WalletPaymentEndpointsTest
  Γ£ô get wallet                                                                                                                                                           0.10s  
  Γ£ô wallet transfer                                                                                                                                                      0.12s  
  Γ£ô wallet transactions                                                                                                                                                  0.09s  
  Γ£ô wallet rewards                                                                                                                                                       0.08s  
  Γ£ô claim login reward                                                                                                                                                   0.10s  
  Γ£ô check affordability                                                                                                                                                  0.07s  
  Γ£ô get payment gateways                                                                                                                                                 0.06s  
  Γ£ô payment history                                                                                                                                                      0.06s  
  Γ£ô get single payment                                                                                                                                                   0.05s  
  Γ£ô payment webhook                                                                                                                                                      0.04s  
  Γ£ô payment callback                                                                                                                                                     0.99s  
  Γ£ô payment success                                                                                                                                                      0.08s  
  Γ£ô payment cancel                                                                                                                                                       0.05s  
  Γ£ô wallet without auth                                                                                                                                                  0.05s  

   PASS  Tests\Feature\ExampleTest
  Γ£ô the application returns a successful response                                                                                                                        0.09s  

   WARN  Tests\Integration\Workflows\EnrollmentWorkflowTest
  Γ£ô complete enrollment workflow                                                                                                                                         0.13s  
  Γ£ô student can drop course                                                                                                                                              0.11s  
  - multiple students can enroll in same course ΓåÆ Auth context isolation issue in tests - works in production                                                            0.08s  
  Γ£ô enrollment tracks progress                                                                                                                                           0.08s  
  Γ£ô enrollment can be completed                                                                                                                                          0.07s  

   WARN  Tests\Integration\Workflows\PaymentWorkflowTest
  - complete payment workflow ΓåÆ Payment workflow endpoints need implementation                                                                                           0.07s  
  - wallet deposit workflow ΓåÆ Payment workflow endpoints need implementation                                                                                             0.05s  
  - payment with wallet balance ΓåÆ Payment workflow endpoints need implementation                                                                                         0.06s  
  - payment fails with insufficient balance ΓåÆ Payment workflow endpoints need implementation                                                                             0.06s  
  - payment creates transaction record ΓåÆ Payment workflow endpoints need implementation                                                                                  0.10s  
  - multiple payments tracked ΓåÆ Payment workflow endpoints need implementation                                                                                           0.06s  
  - payment reference is unique ΓåÆ Payment workflow endpoints need implementation                                                                                         0.06s  
  ΓöÇΓöÇΓöÇΓöÇΓöÇΓöÇΓöÇΓöÇΓöÇΓöÇΓöÇΓöÇΓöÇΓöÇΓöÇΓöÇΓöÇΓöÇΓöÇΓöÇΓöÇΓöÇΓöÇΓöÇΓöÇΓöÇΓöÇΓöÇΓöÇΓöÇΓöÇΓöÇΓöÇΓöÇΓöÇΓöÇΓöÇΓöÇΓöÇΓöÇΓöÇΓöÇΓöÇΓöÇΓöÇΓöÇΓöÇΓöÇΓöÇΓöÇΓöÇΓöÇΓöÇΓöÇΓöÇΓöÇΓöÇΓöÇΓöÇΓöÇΓöÇΓöÇΓöÇΓöÇΓöÇΓöÇΓöÇΓöÇΓöÇΓöÇΓöÇΓöÇΓöÇΓöÇΓöÇΓöÇΓöÇΓöÇΓöÇΓöÇΓöÇΓöÇΓöÇΓöÇΓöÇΓöÇΓöÇΓöÇΓöÇΓöÇΓöÇΓöÇΓöÇΓöÇΓöÇΓöÇΓöÇΓöÇΓöÇΓöÇΓöÇΓöÇΓöÇΓöÇΓöÇΓöÇΓöÇΓöÇΓöÇΓöÇΓöÇΓöÇΓöÇΓöÇΓöÇΓöÇΓöÇΓöÇΓöÇΓöÇΓöÇΓöÇΓöÇΓöÇΓöÇΓöÇΓöÇΓöÇΓöÇΓöÇΓöÇΓöÇΓöÇΓöÇΓöÇΓöÇΓöÇΓöÇΓöÇΓöÇΓöÇΓöÇΓöÇΓöÇΓöÇΓöÇΓöÇΓöÇΓöÇΓöÇΓöÇΓöÇΓöÇΓöÇΓöÇΓöÇΓöÇΓöÇΓöÇΓöÇΓöÇΓöÇΓöÇΓöÇΓöÇΓöÇΓöÇΓöÇΓöÇΓöÇΓöÇΓöÇ  
   FAILED  Tests\Feature\Endpoints\AdvancedFeaturesEndpointsTest > create learning path                                                                                         
  Expected response status code [201] but received 500.
Failed asserting that 500 is identical to 201.

  at tests\Feature\Endpoints\AdvancedFeaturesEndpointsTest.php:67
     63Γûò                             'course_ids' => [$this->course1->id, $this->course2->id],
     64Γûò                             'learning_objectives' => ['Learn basics', 'Practice skills']
     65Γûò                         ]);
     66Γûò 
  Γ₧£  67Γûò         $response->assertStatus(201);
     68Γûò     }
     69Γûò 
     70Γûò     /**
     71Γûò      * Test get single learning path endpoint

  ΓöÇΓöÇΓöÇΓöÇΓöÇΓöÇΓöÇΓöÇΓöÇΓöÇΓöÇΓöÇΓöÇΓöÇΓöÇΓöÇΓöÇΓöÇΓöÇΓöÇΓöÇΓöÇΓöÇΓöÇΓöÇΓöÇΓöÇΓöÇΓöÇΓöÇΓöÇΓöÇΓöÇΓöÇΓöÇΓöÇΓöÇΓöÇΓöÇΓöÇΓöÇΓöÇΓöÇΓöÇΓöÇΓöÇΓöÇΓöÇΓöÇΓöÇΓöÇΓöÇΓöÇΓöÇΓöÇΓöÇΓöÇΓöÇΓöÇΓöÇΓöÇΓöÇΓöÇΓöÇΓöÇΓöÇΓöÇΓöÇΓöÇΓöÇΓöÇΓöÇΓöÇΓöÇΓöÇΓöÇΓöÇΓöÇΓöÇΓöÇΓöÇΓöÇΓöÇΓöÇΓöÇΓöÇΓöÇΓöÇΓöÇΓöÇΓöÇΓöÇΓöÇΓöÇΓöÇΓöÇΓöÇΓöÇΓöÇΓöÇΓöÇΓöÇΓöÇΓöÇΓöÇΓöÇΓöÇΓöÇΓöÇΓöÇΓöÇΓöÇΓöÇΓöÇΓöÇΓöÇΓöÇΓöÇΓöÇΓöÇΓöÇΓöÇΓöÇΓöÇΓöÇΓöÇΓöÇΓöÇΓöÇΓöÇΓöÇΓöÇΓöÇΓöÇΓöÇΓöÇΓöÇΓöÇΓöÇΓöÇΓöÇΓöÇΓöÇΓöÇΓöÇΓöÇΓöÇΓöÇΓöÇΓöÇΓöÇΓöÇΓöÇΓöÇΓöÇΓöÇΓöÇΓöÇΓöÇΓöÇΓöÇΓöÇΓöÇΓöÇΓöÇΓöÇΓöÇΓöÇΓöÇΓöÇΓöÇΓöÇ  
   FAILED  Tests\Feature\Endpoints\AdvancedFeaturesEndpointsTest > get single learning path                                                                                     
  Expected response status code [404] but received 500.
Failed asserting that 500 is identical to 404.

  at tests\Feature\Endpoints\AdvancedFeaturesEndpointsTest.php:78
     74Γûò     {
     75Γûò         $response = $this->withHeader('Authorization', "Bearer $this->studentToken")
     76Γûò                         ->getJson('/api/learning-paths/1');
     77Γûò 
  Γ₧£  78Γûò         $response->assertStatus(404);
     79Γûò     }
     80Γûò 
     81Γûò     /**
     82Γûò      * Test get recommendations endpoint

  ΓöÇΓöÇΓöÇΓöÇΓöÇΓöÇΓöÇΓöÇΓöÇΓöÇΓöÇΓöÇΓöÇΓöÇΓöÇΓöÇΓöÇΓöÇΓöÇΓöÇΓöÇΓöÇΓöÇΓöÇΓöÇΓöÇΓöÇΓöÇΓöÇΓöÇΓöÇΓöÇΓöÇΓöÇΓöÇΓöÇΓöÇΓöÇΓöÇΓöÇΓöÇΓöÇΓöÇΓöÇΓöÇΓöÇΓöÇΓöÇΓöÇΓöÇΓöÇΓöÇΓöÇΓöÇΓöÇΓöÇΓöÇΓöÇΓöÇΓöÇΓöÇΓöÇΓöÇΓöÇΓöÇΓöÇΓöÇΓöÇΓöÇΓöÇΓöÇΓöÇΓöÇΓöÇΓöÇΓöÇΓöÇΓöÇΓöÇΓöÇΓöÇΓöÇΓöÇΓöÇΓöÇΓöÇΓöÇΓöÇΓöÇΓöÇΓöÇΓöÇΓöÇΓöÇΓöÇΓöÇΓöÇΓöÇΓöÇΓöÇΓöÇΓöÇΓöÇΓöÇΓöÇΓöÇΓöÇΓöÇΓöÇΓöÇΓöÇΓöÇΓöÇΓöÇΓöÇΓöÇΓöÇΓöÇΓöÇΓöÇΓöÇΓöÇΓöÇΓöÇΓöÇΓöÇΓöÇΓöÇΓöÇΓöÇΓöÇΓöÇΓöÇΓöÇΓöÇΓöÇΓöÇΓöÇΓöÇΓöÇΓöÇΓöÇΓöÇΓöÇΓöÇΓöÇΓöÇΓöÇΓöÇΓöÇΓöÇΓöÇΓöÇΓöÇΓöÇΓöÇΓöÇΓöÇΓöÇΓöÇΓöÇΓöÇΓöÇΓöÇΓöÇΓöÇΓöÇΓöÇΓöÇΓöÇΓöÇΓöÇ  
   FAILED  Tests\Feature\Endpoints\AdvancedFeaturesEndpointsTest > create coupon                                                                                                
  Expected response status code [201] but received 500.
Failed asserting that 500 is identical to 201.

  at tests\Feature\Endpoints\AdvancedFeaturesEndpointsTest.php:176
    172Γûò                             'expires_at' => now()->addDays(30)->toDateString(),
    173Γûò                             'applicable_to' => 'all'
    174Γûò                         ]);
    175Γûò 
  Γ₧£ 176Γûò         $response->assertStatus(201);
    177Γûò     }
    178Γûò 
    179Γûò     /**
    180Γûò      * Test validate coupon endpoint

  ΓöÇΓöÇΓöÇΓöÇΓöÇΓöÇΓöÇΓöÇΓöÇΓöÇΓöÇΓöÇΓöÇΓöÇΓöÇΓöÇΓöÇΓöÇΓöÇΓöÇΓöÇΓöÇΓöÇΓöÇΓöÇΓöÇΓöÇΓöÇΓöÇΓöÇΓöÇΓöÇΓöÇΓöÇΓöÇΓöÇΓöÇΓöÇΓöÇΓöÇΓöÇΓöÇΓöÇΓöÇΓöÇΓöÇΓöÇΓöÇΓöÇΓöÇΓöÇΓöÇΓöÇΓöÇΓöÇΓöÇΓöÇΓöÇΓöÇΓöÇΓöÇΓöÇΓöÇΓöÇΓöÇΓöÇΓöÇΓöÇΓöÇΓöÇΓöÇΓöÇΓöÇΓöÇΓöÇΓöÇΓöÇΓöÇΓöÇΓöÇΓöÇΓöÇΓöÇΓöÇΓöÇΓöÇΓöÇΓöÇΓöÇΓöÇΓöÇΓöÇΓöÇΓöÇΓöÇΓöÇΓöÇΓöÇΓöÇΓöÇΓöÇΓöÇΓöÇΓöÇΓöÇΓöÇΓöÇΓöÇΓöÇΓöÇΓöÇΓöÇΓöÇΓöÇΓöÇΓöÇΓöÇΓöÇΓöÇΓöÇΓöÇΓöÇΓöÇΓöÇΓöÇΓöÇΓöÇΓöÇΓöÇΓöÇΓöÇΓöÇΓöÇΓöÇΓöÇΓöÇΓöÇΓöÇΓöÇΓöÇΓöÇΓöÇΓöÇΓöÇΓöÇΓöÇΓöÇΓöÇΓöÇΓöÇΓöÇΓöÇΓöÇΓöÇΓöÇΓöÇΓöÇΓöÇΓöÇΓöÇΓöÇΓöÇΓöÇΓöÇΓöÇΓöÇΓöÇΓöÇΓöÇΓöÇΓöÇΓöÇ  
   FAILED  Tests\Feature\Endpoints\AdvancedFeaturesEndpointsTest > validate coupon                                                                                              
  Expected response status code [200] but received 400.
Failed asserting that 400 is identical to 200.

  at tests\Feature\Endpoints\AdvancedFeaturesEndpointsTest.php:190
    186Γûò                             'code' => 'TEST10',
    187Γûò                             'amount' => 100
    188Γûò                         ]);
    189Γûò 
  Γ₧£ 190Γûò         $response->assertStatus(200);
    191Γûò     }
    192Γûò 
    193Γûò     /**
    194Γûò      * Test apply coupon endpoint

  ΓöÇΓöÇΓöÇΓöÇΓöÇΓöÇΓöÇΓöÇΓöÇΓöÇΓöÇΓöÇΓöÇΓöÇΓöÇΓöÇΓöÇΓöÇΓöÇΓöÇΓöÇΓöÇΓöÇΓöÇΓöÇΓöÇΓöÇΓöÇΓöÇΓöÇΓöÇΓöÇΓöÇΓöÇΓöÇΓöÇΓöÇΓöÇΓöÇΓöÇΓöÇΓöÇΓöÇΓöÇΓöÇΓöÇΓöÇΓöÇΓöÇΓöÇΓöÇΓöÇΓöÇΓöÇΓöÇΓöÇΓöÇΓöÇΓöÇΓöÇΓöÇΓöÇΓöÇΓöÇΓöÇΓöÇΓöÇΓöÇΓöÇΓöÇΓöÇΓöÇΓöÇΓöÇΓöÇΓöÇΓöÇΓöÇΓöÇΓöÇΓöÇΓöÇΓöÇΓöÇΓöÇΓöÇΓöÇΓöÇΓöÇΓöÇΓöÇΓöÇΓöÇΓöÇΓöÇΓöÇΓöÇΓöÇΓöÇΓöÇΓöÇΓöÇΓöÇΓöÇΓöÇΓöÇΓöÇΓöÇΓöÇΓöÇΓöÇΓöÇΓöÇΓöÇΓöÇΓöÇΓöÇΓöÇΓöÇΓöÇΓöÇΓöÇΓöÇΓöÇΓöÇΓöÇΓöÇΓöÇΓöÇΓöÇΓöÇΓöÇΓöÇΓöÇΓöÇΓöÇΓöÇΓöÇΓöÇΓöÇΓöÇΓöÇΓöÇΓöÇΓöÇΓöÇΓöÇΓöÇΓöÇΓöÇΓöÇΓöÇΓöÇΓöÇΓöÇΓöÇΓöÇΓöÇΓöÇΓöÇΓöÇΓöÇΓöÇΓöÇΓöÇΓöÇΓöÇΓöÇΓöÇΓöÇΓöÇΓöÇ  
   FAILED  Tests\Feature\Endpoints\AdvancedFeaturesEndpointsTest > apply coupon                                                                                                 
  Expected response status code [200] but received 400.
Failed asserting that 400 is identical to 200.

  at tests\Feature\Endpoints\AdvancedFeaturesEndpointsTest.php:205
    201Γûò                             'amount' => 100,
    202Γûò                             'payment_id' => 'test-payment-123'
    203Γûò                         ]);
    204Γûò 
  Γ₧£ 205Γûò         $response->assertStatus(200);
    206Γûò     }
    207Γûò 
    208Γûò     /**
    209Γûò      * Test get user coupons endpoint

  ΓöÇΓöÇΓöÇΓöÇΓöÇΓöÇΓöÇΓöÇΓöÇΓöÇΓöÇΓöÇΓöÇΓöÇΓöÇΓöÇΓöÇΓöÇΓöÇΓöÇΓöÇΓöÇΓöÇΓöÇΓöÇΓöÇΓöÇΓöÇΓöÇΓöÇΓöÇΓöÇΓöÇΓöÇΓöÇΓöÇΓöÇΓöÇΓöÇΓöÇΓöÇΓöÇΓöÇΓöÇΓöÇΓöÇΓöÇΓöÇΓöÇΓöÇΓöÇΓöÇΓöÇΓöÇΓöÇΓöÇΓöÇΓöÇΓöÇΓöÇΓöÇΓöÇΓöÇΓöÇΓöÇΓöÇΓöÇΓöÇΓöÇΓöÇΓöÇΓöÇΓöÇΓöÇΓöÇΓöÇΓöÇΓöÇΓöÇΓöÇΓöÇΓöÇΓöÇΓöÇΓöÇΓöÇΓöÇΓöÇΓöÇΓöÇΓöÇΓöÇΓöÇΓöÇΓöÇΓöÇΓöÇΓöÇΓöÇΓöÇΓöÇΓöÇΓöÇΓöÇΓöÇΓöÇΓöÇΓöÇΓöÇΓöÇΓöÇΓöÇΓöÇΓöÇΓöÇΓöÇΓöÇΓöÇΓöÇΓöÇΓöÇΓöÇΓöÇΓöÇΓöÇΓöÇΓöÇΓöÇΓöÇΓöÇΓöÇΓöÇΓöÇΓöÇΓöÇΓöÇΓöÇΓöÇΓöÇΓöÇΓöÇΓöÇΓöÇΓöÇΓöÇΓöÇΓöÇΓöÇΓöÇΓöÇΓöÇΓöÇΓöÇΓöÇΓöÇΓöÇΓöÇΓöÇΓöÇΓöÇΓöÇΓöÇΓöÇΓöÇΓöÇΓöÇΓöÇΓöÇΓöÇΓöÇΓöÇΓöÇ  
   FAILED  Tests\Feature\Endpoints\AdvancedFeaturesEndpointsTest > generate financial report                                                                                    
  Expected response status code [200] but received 422.
Failed asserting that 422 is identical to 200.

The following errors occurred during the last request:

{
    "success": false,
    "message": "Validation failed",
    "errors": {
        "report_type": [
            "The report type field is required."
        ],
        "date_from": [
            "The date from field is required."
        ],
        "date_to": [
            "The date to field is required."
        ],
        "format": [
            "The format field is required."
        ]
    }
}

  at tests\Feature\Endpoints\AdvancedFeaturesEndpointsTest.php:241
    237Γûò                             'start_date' => '2025-01-01',
    238Γûò                             'end_date' => '2025-12-31'
    239Γûò                         ]);
    240Γûò 
  Γ₧£ 241Γûò         $response->assertStatus(200);
    242Γûò     }
    243Γûò 
    244Γûò     /**
    245Γûò      * Test generate academic report endpoint

  ΓöÇΓöÇΓöÇΓöÇΓöÇΓöÇΓöÇΓöÇΓöÇΓöÇΓöÇΓöÇΓöÇΓöÇΓöÇΓöÇΓöÇΓöÇΓöÇΓöÇΓöÇΓöÇΓöÇΓöÇΓöÇΓöÇΓöÇΓöÇΓöÇΓöÇΓöÇΓöÇΓöÇΓöÇΓöÇΓöÇΓöÇΓöÇΓöÇΓöÇΓöÇΓöÇΓöÇΓöÇΓöÇΓöÇΓöÇΓöÇΓöÇΓöÇΓöÇΓöÇΓöÇΓöÇΓöÇΓöÇΓöÇΓöÇΓöÇΓöÇΓöÇΓöÇΓöÇΓöÇΓöÇΓöÇΓöÇΓöÇΓöÇΓöÇΓöÇΓöÇΓöÇΓöÇΓöÇΓöÇΓöÇΓöÇΓöÇΓöÇΓöÇΓöÇΓöÇΓöÇΓöÇΓöÇΓöÇΓöÇΓöÇΓöÇΓöÇΓöÇΓöÇΓöÇΓöÇΓöÇΓöÇΓöÇΓöÇΓöÇΓöÇΓöÇΓöÇΓöÇΓöÇΓöÇΓöÇΓöÇΓöÇΓöÇΓöÇΓöÇΓöÇΓöÇΓöÇΓöÇΓöÇΓöÇΓöÇΓöÇΓöÇΓöÇΓöÇΓöÇΓöÇΓöÇΓöÇΓöÇΓöÇΓöÇΓöÇΓöÇΓöÇΓöÇΓöÇΓöÇΓöÇΓöÇΓöÇΓöÇΓöÇΓöÇΓöÇΓöÇΓöÇΓöÇΓöÇΓöÇΓöÇΓöÇΓöÇΓöÇΓöÇΓöÇΓöÇΓöÇΓöÇΓöÇΓöÇΓöÇΓöÇΓöÇΓöÇΓöÇΓöÇΓöÇΓöÇΓöÇΓöÇΓöÇΓöÇΓöÇ  
   FAILED  Tests\Feature\Endpoints\AdvancedFeaturesEndpointsTest > generate academic report                                                                                     
  Expected response status code [200] but received 422.
Failed asserting that 422 is identical to 200.

The following errors occurred during the last request:

{
    "success": false,
    "message": "Validation failed",
    "errors": {
        "report_type": [
            "The report type field is required."
        ],
        "date_from": [
            "The date from field is required."
        ],
        "date_to": [
            "The date to field is required."
        ],
        "format": [
            "The format field is required."
        ]
    }
}

  at tests\Feature\Endpoints\AdvancedFeaturesEndpointsTest.php:254
    250Γûò                         ->postJson('/api/reports/academic', [
    251Γûò                             'course_id' => 1
    252Γûò                         ]);
    253Γûò 
  Γ₧£ 254Γûò         $response->assertStatus(200);
    255Γûò     }
    256Γûò 
    257Γûò     /**
    258Γûò      * Test get settings endpoint

  ΓöÇΓöÇΓöÇΓöÇΓöÇΓöÇΓöÇΓöÇΓöÇΓöÇΓöÇΓöÇΓöÇΓöÇΓöÇΓöÇΓöÇΓöÇΓöÇΓöÇΓöÇΓöÇΓöÇΓöÇΓöÇΓöÇΓöÇΓöÇΓöÇΓöÇΓöÇΓöÇΓöÇΓöÇΓöÇΓöÇΓöÇΓöÇΓöÇΓöÇΓöÇΓöÇΓöÇΓöÇΓöÇΓöÇΓöÇΓöÇΓöÇΓöÇΓöÇΓöÇΓöÇΓöÇΓöÇΓöÇΓöÇΓöÇΓöÇΓöÇΓöÇΓöÇΓöÇΓöÇΓöÇΓöÇΓöÇΓöÇΓöÇΓöÇΓöÇΓöÇΓöÇΓöÇΓöÇΓöÇΓöÇΓöÇΓöÇΓöÇΓöÇΓöÇΓöÇΓöÇΓöÇΓöÇΓöÇΓöÇΓöÇΓöÇΓöÇΓöÇΓöÇΓöÇΓöÇΓöÇΓöÇΓöÇΓöÇΓöÇΓöÇΓöÇΓöÇΓöÇΓöÇΓöÇΓöÇΓöÇΓöÇΓöÇΓöÇΓöÇΓöÇΓöÇΓöÇΓöÇΓöÇΓöÇΓöÇΓöÇΓöÇΓöÇΓöÇΓöÇΓöÇΓöÇΓöÇΓöÇΓöÇΓöÇΓöÇΓöÇΓöÇΓöÇΓöÇΓöÇΓöÇΓöÇΓöÇΓöÇΓöÇΓöÇΓöÇΓöÇΓöÇΓöÇΓöÇΓöÇΓöÇΓöÇΓöÇΓöÇΓöÇΓöÇΓöÇΓöÇΓöÇΓöÇΓöÇΓöÇΓöÇΓöÇΓöÇΓöÇΓöÇΓöÇΓöÇΓöÇΓöÇΓöÇΓöÇΓöÇ  
   FAILED  Tests\Feature\Endpoints\AdvancedFeaturesEndpointsTest > get public settings                                                                                          
  Expected response status code [200] but received 401.
Failed asserting that 401 is identical to 200.

  at tests\Feature\Endpoints\AdvancedFeaturesEndpointsTest.php:275
    271Γûò     public function test_get_public_settings()
    272Γûò     {
    273Γûò         $response = $this->getJson('/api/settings/public');
    274Γûò 
  Γ₧£ 275Γûò         $response->assertStatus(200);
    276Γûò     }
    277Γûò 
    278Γûò     /**
    279Γûò      * Test update setting endpoint

  ΓöÇΓöÇΓöÇΓöÇΓöÇΓöÇΓöÇΓöÇΓöÇΓöÇΓöÇΓöÇΓöÇΓöÇΓöÇΓöÇΓöÇΓöÇΓöÇΓöÇΓöÇΓöÇΓöÇΓöÇΓöÇΓöÇΓöÇΓöÇΓöÇΓöÇΓöÇΓöÇΓöÇΓöÇΓöÇΓöÇΓöÇΓöÇΓöÇΓöÇΓöÇΓöÇΓöÇΓöÇΓöÇΓöÇΓöÇΓöÇΓöÇΓöÇΓöÇΓöÇΓöÇΓöÇΓöÇΓöÇΓöÇΓöÇΓöÇΓöÇΓöÇΓöÇΓöÇΓöÇΓöÇΓöÇΓöÇΓöÇΓöÇΓöÇΓöÇΓöÇΓöÇΓöÇΓöÇΓöÇΓöÇΓöÇΓöÇΓöÇΓöÇΓöÇΓöÇΓöÇΓöÇΓöÇΓöÇΓöÇΓöÇΓöÇΓöÇΓöÇΓöÇΓöÇΓöÇΓöÇΓöÇΓöÇΓöÇΓöÇΓöÇΓöÇΓöÇΓöÇΓöÇΓöÇΓöÇΓöÇΓöÇΓöÇΓöÇΓöÇΓöÇΓöÇΓöÇΓöÇΓöÇΓöÇΓöÇΓöÇΓöÇΓöÇΓöÇΓöÇΓöÇΓöÇΓöÇΓöÇΓöÇΓöÇΓöÇΓöÇΓöÇΓöÇΓöÇΓöÇΓöÇΓöÇΓöÇΓöÇΓöÇΓöÇΓöÇΓöÇΓöÇΓöÇΓöÇΓöÇΓöÇΓöÇΓöÇΓöÇΓöÇΓöÇΓöÇΓöÇΓöÇΓöÇΓöÇΓöÇΓöÇΓöÇΓöÇΓöÇΓöÇΓöÇΓöÇΓöÇΓöÇΓöÇΓöÇΓöÇ  
   FAILED  Tests\Feature\Endpoints\AdvancedFeaturesEndpointsTest > update setting                                                                                               
  Expected response status code [200] but received 404.
Failed asserting that 404 is identical to 200.

  at tests\Feature\Endpoints\AdvancedFeaturesEndpointsTest.php:288
    284Γûò                         ->putJson('/api/settings/app_name', [
    285Γûò                             'value' => 'Kokokah'
    286Γûò                         ]);
    287Γûò 
  Γ₧£ 288Γûò         $response->assertStatus(200);
    289Γûò     }
    290Γûò 
    291Γûò     /**
    292Γûò      * Test create video stream endpoint

  ΓöÇΓöÇΓöÇΓöÇΓöÇΓöÇΓöÇΓöÇΓöÇΓöÇΓöÇΓöÇΓöÇΓöÇΓöÇΓöÇΓöÇΓöÇΓöÇΓöÇΓöÇΓöÇΓöÇΓöÇΓöÇΓöÇΓöÇΓöÇΓöÇΓöÇΓöÇΓöÇΓöÇΓöÇΓöÇΓöÇΓöÇΓöÇΓöÇΓöÇΓöÇΓöÇΓöÇΓöÇΓöÇΓöÇΓöÇΓöÇΓöÇΓöÇΓöÇΓöÇΓöÇΓöÇΓöÇΓöÇΓöÇΓöÇΓöÇΓöÇΓöÇΓöÇΓöÇΓöÇΓöÇΓöÇΓöÇΓöÇΓöÇΓöÇΓöÇΓöÇΓöÇΓöÇΓöÇΓöÇΓöÇΓöÇΓöÇΓöÇΓöÇΓöÇΓöÇΓöÇΓöÇΓöÇΓöÇΓöÇΓöÇΓöÇΓöÇΓöÇΓöÇΓöÇΓöÇΓöÇΓöÇΓöÇΓöÇΓöÇΓöÇΓöÇΓöÇΓöÇΓöÇΓöÇΓöÇΓöÇΓöÇΓöÇΓöÇΓöÇΓöÇΓöÇΓöÇΓöÇΓöÇΓöÇΓöÇΓöÇΓöÇΓöÇΓöÇΓöÇΓöÇΓöÇΓöÇΓöÇΓöÇΓöÇΓöÇΓöÇΓöÇΓöÇΓöÇΓöÇΓöÇΓöÇΓöÇΓöÇΓöÇΓöÇΓöÇΓöÇΓöÇΓöÇΓöÇΓöÇΓöÇΓöÇΓöÇΓöÇΓöÇΓöÇΓöÇΓöÇΓöÇΓöÇΓöÇΓöÇΓöÇΓöÇΓöÇΓöÇΓöÇΓöÇΓöÇΓöÇΓöÇΓöÇΓöÇΓöÇ  
   FAILED  Tests\Feature\Endpoints\AdvancedFeaturesEndpointsTest > create video stream                                                                                          
  Expected response status code [201] but received 500.
Failed asserting that 500 is identical to 201.

  at tests\Feature\Endpoints\AdvancedFeaturesEndpointsTest.php:302
    298Γûò                             'title' => 'Test Video',
    299Γûò                             'url' => 'https://example.com/video.mp4'
    300Γûò                         ]);
    301Γûò 
  Γ₧£ 302Γûò         $response->assertStatus(201);
    303Γûò     }
    304Γûò 
    305Γûò     /**
    306Γûò      * Test get video stream endpoint

  ΓöÇΓöÇΓöÇΓöÇΓöÇΓöÇΓöÇΓöÇΓöÇΓöÇΓöÇΓöÇΓöÇΓöÇΓöÇΓöÇΓöÇΓöÇΓöÇΓöÇΓöÇΓöÇΓöÇΓöÇΓöÇΓöÇΓöÇΓöÇΓöÇΓöÇΓöÇΓöÇΓöÇΓöÇΓöÇΓöÇΓöÇΓöÇΓöÇΓöÇΓöÇΓöÇΓöÇΓöÇΓöÇΓöÇΓöÇΓöÇΓöÇΓöÇΓöÇΓöÇΓöÇΓöÇΓöÇΓöÇΓöÇΓöÇΓöÇΓöÇΓöÇΓöÇΓöÇΓöÇΓöÇΓöÇΓöÇΓöÇΓöÇΓöÇΓöÇΓöÇΓöÇΓöÇΓöÇΓöÇΓöÇΓöÇΓöÇΓöÇΓöÇΓöÇΓöÇΓöÇΓöÇΓöÇΓöÇΓöÇΓöÇΓöÇΓöÇΓöÇΓöÇΓöÇΓöÇΓöÇΓöÇΓöÇΓöÇΓöÇΓöÇΓöÇΓöÇΓöÇΓöÇΓöÇΓöÇΓöÇΓöÇΓöÇΓöÇΓöÇΓöÇΓöÇΓöÇΓöÇΓöÇΓöÇΓöÇΓöÇΓöÇΓöÇΓöÇΓöÇΓöÇΓöÇΓöÇΓöÇΓöÇΓöÇΓöÇΓöÇΓöÇΓöÇΓöÇΓöÇΓöÇΓöÇΓöÇΓöÇΓöÇΓöÇΓöÇΓöÇΓöÇΓöÇΓöÇΓöÇΓöÇΓöÇΓöÇΓöÇΓöÇΓöÇΓöÇΓöÇΓöÇΓöÇΓöÇΓöÇΓöÇΓöÇΓöÇΓöÇΓöÇΓöÇΓöÇΓöÇΓöÇΓöÇΓöÇΓöÇ  
   FAILED  Tests\Feature\Endpoints\AdvancedFeaturesEndpointsTest > record video view                                                                                            
  Expected response status code [404] but received 500.
Failed asserting that 500 is identical to 404.

  at tests\Feature\Endpoints\AdvancedFeaturesEndpointsTest.php:324
    320Γûò     {
    321Γûò         $response = $this->withHeader('Authorization', "Bearer $this->studentToken")
    322Γûò                         ->postJson('/api/videos/1/view');
    323Γûò 
  Γ₧£ 324Γûò         $response->assertStatus(404);
    325Γûò     }
    326Γûò 
    327Γûò     /**
    328Γûò      * Test update watch time endpoint

  ΓöÇΓöÇΓöÇΓöÇΓöÇΓöÇΓöÇΓöÇΓöÇΓöÇΓöÇΓöÇΓöÇΓöÇΓöÇΓöÇΓöÇΓöÇΓöÇΓöÇΓöÇΓöÇΓöÇΓöÇΓöÇΓöÇΓöÇΓöÇΓöÇΓöÇΓöÇΓöÇΓöÇΓöÇΓöÇΓöÇΓöÇΓöÇΓöÇΓöÇΓöÇΓöÇΓöÇΓöÇΓöÇΓöÇΓöÇΓöÇΓöÇΓöÇΓöÇΓöÇΓöÇΓöÇΓöÇΓöÇΓöÇΓöÇΓöÇΓöÇΓöÇΓöÇΓöÇΓöÇΓöÇΓöÇΓöÇΓöÇΓöÇΓöÇΓöÇΓöÇΓöÇΓöÇΓöÇΓöÇΓöÇΓöÇΓöÇΓöÇΓöÇΓöÇΓöÇΓöÇΓöÇΓöÇΓöÇΓöÇΓöÇΓöÇΓöÇΓöÇΓöÇΓöÇΓöÇΓöÇΓöÇΓöÇΓöÇΓöÇΓöÇΓöÇΓöÇΓöÇΓöÇΓöÇΓöÇΓöÇΓöÇΓöÇΓöÇΓöÇΓöÇΓöÇΓöÇΓöÇΓöÇΓöÇΓöÇΓöÇΓöÇΓöÇΓöÇΓöÇΓöÇΓöÇΓöÇΓöÇΓöÇΓöÇΓöÇΓöÇΓöÇΓöÇΓöÇΓöÇΓöÇΓöÇΓöÇΓöÇΓöÇΓöÇΓöÇΓöÇΓöÇΓöÇΓöÇΓöÇΓöÇΓöÇΓöÇΓöÇΓöÇΓöÇΓöÇΓöÇΓöÇΓöÇΓöÇΓöÇΓöÇΓöÇΓöÇΓöÇΓöÇΓöÇΓöÇΓöÇΓöÇΓöÇΓöÇΓöÇ  
   FAILED  Tests\Feature\Endpoints\AdvancedFeaturesEndpointsTest > update watch time                                                                                            
  Expected response status code [404] but received 500.
Failed asserting that 500 is identical to 404.

  at tests\Feature\Endpoints\AdvancedFeaturesEndpointsTest.php:337
    333Γûò                         ->postJson('/api/videos/1/watch-time', [
    334Γûò                             'duration' => 300
    335Γûò                         ]);
    336Γûò 
  Γ₧£ 337Γûò         $response->assertStatus(404);
    338Γûò     }
    339Γûò 
    340Γûò     /**
    341Γûò      * Test mark user online endpoint

  ΓöÇΓöÇΓöÇΓöÇΓöÇΓöÇΓöÇΓöÇΓöÇΓöÇΓöÇΓöÇΓöÇΓöÇΓöÇΓöÇΓöÇΓöÇΓöÇΓöÇΓöÇΓöÇΓöÇΓöÇΓöÇΓöÇΓöÇΓöÇΓöÇΓöÇΓöÇΓöÇΓöÇΓöÇΓöÇΓöÇΓöÇΓöÇΓöÇΓöÇΓöÇΓöÇΓöÇΓöÇΓöÇΓöÇΓöÇΓöÇΓöÇΓöÇΓöÇΓöÇΓöÇΓöÇΓöÇΓöÇΓöÇΓöÇΓöÇΓöÇΓöÇΓöÇΓöÇΓöÇΓöÇΓöÇΓöÇΓöÇΓöÇΓöÇΓöÇΓöÇΓöÇΓöÇΓöÇΓöÇΓöÇΓöÇΓöÇΓöÇΓöÇΓöÇΓöÇΓöÇΓöÇΓöÇΓöÇΓöÇΓöÇΓöÇΓöÇΓöÇΓöÇΓöÇΓöÇΓöÇΓöÇΓöÇΓöÇΓöÇΓöÇΓöÇΓöÇΓöÇΓöÇΓöÇΓöÇΓöÇΓöÇΓöÇΓöÇΓöÇΓöÇΓöÇΓöÇΓöÇΓöÇΓöÇΓöÇΓöÇΓöÇΓöÇΓöÇΓöÇΓöÇΓöÇΓöÇΓöÇΓöÇΓöÇΓöÇΓöÇΓöÇΓöÇΓöÇΓöÇΓöÇΓöÇΓöÇΓöÇΓöÇΓöÇΓöÇΓöÇΓöÇΓöÇΓöÇΓöÇΓöÇΓöÇΓöÇΓöÇΓöÇΓöÇΓöÇΓöÇΓöÇΓöÇΓöÇΓöÇΓöÇΓöÇΓöÇΓöÇΓöÇΓöÇΓöÇΓöÇΓöÇΓöÇΓöÇΓöÇ  
   FAILED  Tests\Feature\Endpoints\CertificateBadgeProgressEndpointsTest > generate certificate                                                                                 
  Expected response status code [201] but received 400.
Failed asserting that 400 is identical to 201.

  at tests\Feature\Endpoints\CertificateBadgeProgressEndpointsTest.php:78
     74Γûò                             'course_id' => $this->course->id,
     75Γûò                             'user_id' => $this->student->id
     76Γûò                         ]);
     77Γûò 
  Γ₧£  78Γûò         $response->assertStatus(201);
     79Γûò     }
     80Γûò 
     81Γûò     /**
     82Γûò      * Test bulk generate certificates endpoint

  ΓöÇΓöÇΓöÇΓöÇΓöÇΓöÇΓöÇΓöÇΓöÇΓöÇΓöÇΓöÇΓöÇΓöÇΓöÇΓöÇΓöÇΓöÇΓöÇΓöÇΓöÇΓöÇΓöÇΓöÇΓöÇΓöÇΓöÇΓöÇΓöÇΓöÇΓöÇΓöÇΓöÇΓöÇΓöÇΓöÇΓöÇΓöÇΓöÇΓöÇΓöÇΓöÇΓöÇΓöÇΓöÇΓöÇΓöÇΓöÇΓöÇΓöÇΓöÇΓöÇΓöÇΓöÇΓöÇΓöÇΓöÇΓöÇΓöÇΓöÇΓöÇΓöÇΓöÇΓöÇΓöÇΓöÇΓöÇΓöÇΓöÇΓöÇΓöÇΓöÇΓöÇΓöÇΓöÇΓöÇΓöÇΓöÇΓöÇΓöÇΓöÇΓöÇΓöÇΓöÇΓöÇΓöÇΓöÇΓöÇΓöÇΓöÇΓöÇΓöÇΓöÇΓöÇΓöÇΓöÇΓöÇΓöÇΓöÇΓöÇΓöÇΓöÇΓöÇΓöÇΓöÇΓöÇΓöÇΓöÇΓöÇΓöÇΓöÇΓöÇΓöÇΓöÇΓöÇΓöÇΓöÇΓöÇΓöÇΓöÇΓöÇΓöÇΓöÇΓöÇΓöÇΓöÇΓöÇΓöÇΓöÇΓöÇΓöÇΓöÇΓöÇΓöÇΓöÇΓöÇΓöÇΓöÇΓöÇΓöÇΓöÇΓöÇΓöÇΓöÇΓöÇΓöÇΓöÇΓöÇΓöÇΓöÇΓöÇΓöÇΓöÇΓöÇΓöÇΓöÇΓöÇΓöÇΓöÇΓöÇΓöÇΓöÇΓöÇΓöÇΓöÇΓöÇΓöÇΓöÇΓöÇΓöÇΓöÇΓöÇ  
   FAILED  Tests\Feature\Endpoints\CertificateBadgeProgressEndpointsTest > download certificate                                                                                 
  Expected response status code [404] but received 500.
Failed asserting that 500 is identical to 404.

  at tests\Feature\Endpoints\CertificateBadgeProgressEndpointsTest.php:114
    110Γûò     {
    111Γûò         $response = $this->withHeader('Authorization', "Bearer $this->studentToken")
    112Γûò                         ->getJson('/api/certificates/1/download');
    113Γûò 
  Γ₧£ 114Γûò         $response->assertStatus(404);
    115Γûò     }
    116Γûò 
    117Γûò     /**
    118Γûò      * Test revoke certificate endpoint

  ΓöÇΓöÇΓöÇΓöÇΓöÇΓöÇΓöÇΓöÇΓöÇΓöÇΓöÇΓöÇΓöÇΓöÇΓöÇΓöÇΓöÇΓöÇΓöÇΓöÇΓöÇΓöÇΓöÇΓöÇΓöÇΓöÇΓöÇΓöÇΓöÇΓöÇΓöÇΓöÇΓöÇΓöÇΓöÇΓöÇΓöÇΓöÇΓöÇΓöÇΓöÇΓöÇΓöÇΓöÇΓöÇΓöÇΓöÇΓöÇΓöÇΓöÇΓöÇΓöÇΓöÇΓöÇΓöÇΓöÇΓöÇΓöÇΓöÇΓöÇΓöÇΓöÇΓöÇΓöÇΓöÇΓöÇΓöÇΓöÇΓöÇΓöÇΓöÇΓöÇΓöÇΓöÇΓöÇΓöÇΓöÇΓöÇΓöÇΓöÇΓöÇΓöÇΓöÇΓöÇΓöÇΓöÇΓöÇΓöÇΓöÇΓöÇΓöÇΓöÇΓöÇΓöÇΓöÇΓöÇΓöÇΓöÇΓöÇΓöÇΓöÇΓöÇΓöÇΓöÇΓöÇΓöÇΓöÇΓöÇΓöÇΓöÇΓöÇΓöÇΓöÇΓöÇΓöÇΓöÇΓöÇΓöÇΓöÇΓöÇΓöÇΓöÇΓöÇΓöÇΓöÇΓöÇΓöÇΓöÇΓöÇΓöÇΓöÇΓöÇΓöÇΓöÇΓöÇΓöÇΓöÇΓöÇΓöÇΓöÇΓöÇΓöÇΓöÇΓöÇΓöÇΓöÇΓöÇΓöÇΓöÇΓöÇΓöÇΓöÇΓöÇΓöÇΓöÇΓöÇΓöÇΓöÇΓöÇΓöÇΓöÇΓöÇΓöÇΓöÇΓöÇΓöÇΓöÇΓöÇΓöÇΓöÇΓöÇΓöÇ  
   FAILED  Tests\Feature\Endpoints\CertificateBadgeProgressEndpointsTest > revoke certificate                                                                                   
  Expected response status code [404] but received 500.
Failed asserting that 500 is identical to 404.

  at tests\Feature\Endpoints\CertificateBadgeProgressEndpointsTest.php:125
    121Γûò     {
    122Γûò         $response = $this->withHeader('Authorization', "Bearer $this->adminToken")
    123Γûò                         ->postJson('/api/certificates/1/revoke');
    124Γûò 
  Γ₧£ 125Γûò         $response->assertStatus(404);
    126Γûò     }
    127Γûò 
    128Γûò     /**
    129Γûò      * Test verify certificate endpoint (public)

  ΓöÇΓöÇΓöÇΓöÇΓöÇΓöÇΓöÇΓöÇΓöÇΓöÇΓöÇΓöÇΓöÇΓöÇΓöÇΓöÇΓöÇΓöÇΓöÇΓöÇΓöÇΓöÇΓöÇΓöÇΓöÇΓöÇΓöÇΓöÇΓöÇΓöÇΓöÇΓöÇΓöÇΓöÇΓöÇΓöÇΓöÇΓöÇΓöÇΓöÇΓöÇΓöÇΓöÇΓöÇΓöÇΓöÇΓöÇΓöÇΓöÇΓöÇΓöÇΓöÇΓöÇΓöÇΓöÇΓöÇΓöÇΓöÇΓöÇΓöÇΓöÇΓöÇΓöÇΓöÇΓöÇΓöÇΓöÇΓöÇΓöÇΓöÇΓöÇΓöÇΓöÇΓöÇΓöÇΓöÇΓöÇΓöÇΓöÇΓöÇΓöÇΓöÇΓöÇΓöÇΓöÇΓöÇΓöÇΓöÇΓöÇΓöÇΓöÇΓöÇΓöÇΓöÇΓöÇΓöÇΓöÇΓöÇΓöÇΓöÇΓöÇΓöÇΓöÇΓöÇΓöÇΓöÇΓöÇΓöÇΓöÇΓöÇΓöÇΓöÇΓöÇΓöÇΓöÇΓöÇΓöÇΓöÇΓöÇΓöÇΓöÇΓöÇΓöÇΓöÇΓöÇΓöÇΓöÇΓöÇΓöÇΓöÇΓöÇΓöÇΓöÇΓöÇΓöÇΓöÇΓöÇΓöÇΓöÇΓöÇΓöÇΓöÇΓöÇΓöÇΓöÇΓöÇΓöÇΓöÇΓöÇΓöÇΓöÇΓöÇΓöÇΓöÇΓöÇΓöÇΓöÇΓöÇΓöÇΓöÇΓöÇΓöÇΓöÇΓöÇΓöÇΓöÇΓöÇΓöÇΓöÇΓöÇΓöÇΓöÇ  
   FAILED  Tests\Feature\Endpoints\CertificateBadgeProgressEndpointsTest > get badge analytics                                                                                  
  Expected response status code [200] but received 500.
Failed asserting that 500 is identical to 200.

The following exception occurred during the last request:

PDOException: SQLSTATE[HY000]: General error: 1 no such column: category in C:\Users\Rise Networks\Desktop\Kokokah.com\kokokah.com\vendor\laravel\framework\src\Illuminate\Database\Connection.php:406
Stack trace:
#0 C:\Users\Rise Networks\Desktop\Kokokah.com\kokokah.com\vendor\laravel\framework\src\Illuminate\Database\Connection.php(406): PDO->prepare('select category...')
#1 C:\Users\Rise Networks\Desktop\Kokokah.com\kokokah.com\vendor\laravel\framework\src\Illuminate\Database\Connection.php(811): Illuminate\Database\Connection->Illuminate\Database\{closure}('select category...', Array)
#2 C:\Users\Rise Networks\Desktop\Kokokah.com\kokokah.com\vendor\laravel\framework\src\Illuminate\Database\Connection.php(778): Illuminate\Database\Connection->runQueryCallback('select category...', Array, Object(Closure))
#3 C:\Users\Rise Networks\Desktop\Kokokah.com\kokokah.com\vendor\laravel\framework\src\Illuminate\Database\Connection.php(397): Illuminate\Database\Connection->run('select category...', Array, Object(Closure))
#4 C:\Users\Rise Networks\Desktop\Kokokah.com\kokokah.com\vendor\laravel\framework\src\Illuminate\Database\Query\Builder.php(3188): Illuminate\Database\Connection->select('select category...', Array, true)
#5 C:\Users\Rise Networks\Desktop\Kokokah.com\kokokah.com\vendor\laravel\framework\src\Illuminate\Database\Query\Builder.php(3446): Illuminate\Database\Query\Builder->runSelect()
#6 C:\Users\Rise Networks\Desktop\Kokokah.com\kokokah.com\vendor\laravel\framework\src\Illuminate\Database\Query\Builder.php(3763): Illuminate\Database\Query\Builder->Illuminate\Database\Query\{closure}()
#7 C:\Users\Rise Networks\Desktop\Kokokah.com\kokokah.com\vendor\laravel\framework\src\Illuminate\Database\Query\Builder.php(3442): Illuminate\Database\Query\Builder->onceWithColumns(Array, Object(Closure))
#8 C:\Users\Rise Networks\Desktop\Kokokah.com\kokokah.com\vendor\laravel\framework\src\Illuminate\Database\Eloquent\Builder.php(1067): Illuminate\Database\Query\Builder->pluck('count', 'category')
#9 C:\Users\Rise Networks\Desktop\Kokokah.com\kokokah.com\app\Http\Controllers\BadgeController.php(826): Illuminate\Database\Eloquent\Builder->pluck('count', 'category')
#10 C:\Users\Rise Networks\Desktop\Kokokah.com\kokokah.com\app\Http\Controllers\BadgeController.php(579): App\Http\Controllers\BadgeController->getBadgeCategoryDistribution()
#11 C:\Users\Rise Networks\Desktop\Kokokah.com\kokokah.com\vendor\laravel\framework\src\Illuminate\Routing\ControllerDispatcher.php(46): App\Http\Controllers\BadgeController->analytics()
#12 C:\Users\Rise Networks\Desktop\Kokokah.com\kokokah.com\vendor\laravel\framework\src\Illuminate\Routing\Route.php(265): Illuminate\Routing\ControllerDispatcher->dispatch(Object(Illuminate\Routing\Route), Object(App\Http\Controllers\BadgeController), 'analytics')
#13 C:\Users\Rise Networks\Desktop\Kokokah.com\kokokah.com\vendor\laravel\framework\src\Illuminate\Routing\Route.php(211): Illuminate\Routing\Route->runController()
#14 C:\Users\Rise Networks\Desktop\Kokokah.com\kokokah.com\vendor\laravel\framework\src\Illuminate\Routing\Router.php(822): Illuminate\Routing\Route->run()
#15 C:\Users\Rise Networks\Desktop\Kokokah.com\kokokah.com\vendor\laravel\framework\src\Illuminate\Pipeline\Pipeline.php(180): Illuminate\Routing\Router->Illuminate\Routing\{closure}(Object(Illuminate\Http\Request))
#16 C:\Users\Rise Networks\Desktop\Kokokah.com\kokokah.com\vendor\laravel\framework\src\Illuminate\Auth\Middleware\Authenticate.php(63): Illuminate\Pipeline\Pipeline->Illuminate\Pipeline\{closure}(Object(Illuminate\Http\Request))
#17 C:\Users\Rise Networks\Desktop\Kokokah.com\kokokah.com\vendor\laravel\framework\src\Illuminate\Pipeline\Pipeline.php(219): Illuminate\Auth\Middleware\Authenticate->handle(Object(Illuminate\Http\Request), Object(Closure), 'sanctum')
#18 C:\Users\Rise Networks\Desktop\Kokokah.com\kokokah.com\app\Http\Middleware\RateLimitMiddleware.php(33): Illuminate\Pipeline\Pipeline->Illuminate\Pipeline\{closure}(Object(Illuminate\Http\Request))
#19 C:\Users\Rise Networks\Desktop\Kokokah.com\kokokah.com\vendor\laravel\framework\src\Illuminate\Pipeline\Pipeline.php(219): App\Http\Middleware\RateLimitMiddleware->handle(Object(Illuminate\Http\Request), Object(Closure), 'api', 300)
#20 C:\Users\Rise Networks\Desktop\Kokokah.com\kokokah.com\vendor\laravel\framework\src\Illuminate\Pipeline\Pipeline.php(137): Illuminate\Pipeline\Pipeline->Illuminate\Pipeline\{closure}(Object(Illuminate\Http\Request))
#21 C:\Users\Rise Networks\Desktop\Kokokah.com\kokokah.com\vendor\laravel\framework\src\Illuminate\Routing\Router.php(821): Illuminate\Pipeline\Pipeline->then(Object(Closure))
#22 C:\Users\Rise Networks\Desktop\Kokokah.com\kokokah.com\vendor\laravel\framework\src\Illuminate\Routing\Router.php(800): Illuminate\Routing\Router->runRouteWithinStack(Object(Illuminate\Routing\Route), Object(Illuminate\Http\Request))
#23 C:\Users\Rise Networks\Desktop\Kokokah.com\kokokah.com\vendor\laravel\framework\src\Illuminate\Routing\Router.php(764): Illuminate\Routing\Router->runRoute(Object(Illuminate\Http\Request), Object(Illuminate\Routing\Route))
#24 C:\Users\Rise Networks\Desktop\Kokokah.com\kokokah.com\vendor\laravel\framework\src\Illuminate\Routing\Router.php(753): Illuminate\Routing\Router->dispatchToRoute(Object(Illuminate\Http\Request))
#25 C:\Users\Rise Networks\Desktop\Kokokah.com\kokokah.com\vendor\laravel\framework\src\Illuminate\Foundation\Http\Kernel.php(200): Illuminate\Routing\Router->dispatch(Object(Illuminate\Http\Request))
#26 C:\Users\Rise Networks\Desktop\Kokokah.com\kokokah.com\vendor\laravel\framework\src\Illuminate\Pipeline\Pipeline.php(180): Illuminate\Foundation\Http\Kernel->Illuminate\Foundation\Http\{closure}(Object(Illuminate\Http\Request))
#27 C:\Users\Rise Networks\Desktop\Kokokah.com\kokokah.com\app\Http\Middleware\SecurityHeadersMiddleware.php(16): Illuminate\Pipeline\Pipeline->Illuminate\Pipeline\{closure}(Object(Illuminate\Http\Request))
#28 C:\Users\Rise Networks\Desktop\Kokokah.com\kokokah.com\vendor\laravel\framework\src\Illuminate\Pipeline\Pipeline.php(219): App\Http\Middleware\SecurityHeadersMiddleware->handle(Object(Illuminate\Http\Request), Object(Closure))
#29 C:\Users\Rise Networks\Desktop\Kokokah.com\kokokah.com\vendor\laravel\framework\src\Illuminate\Foundation\Http\Middleware\TransformsRequest.php(21): Illuminate\Pipeline\Pipeline->Illuminate\Pipeline\{closure}(Object(Illuminate\Http\Request))
#30 C:\Users\Rise Networks\Desktop\Kokokah.com\kokokah.com\vendor\laravel\framework\src\Illuminate\Foundation\Http\Middleware\ConvertEmptyStringsToNull.php(31): Illuminate\Foundation\Http\Middleware\TransformsRequest->handle(Object(Illuminate\Http\Request), Object(Closure))
#31 C:\Users\Rise Networks\Desktop\Kokokah.com\kokokah.com\vendor\laravel\framework\src\Illuminate\Pipeline\Pipeline.php(219): Illuminate\Foundation\Http\Middleware\ConvertEmptyStringsToNull->handle(Object(Illuminate\Http\Request), Object(Closure))
#32 C:\Users\Rise Networks\Desktop\Kokokah.com\kokokah.com\vendor\laravel\framework\src\Illuminate\Foundation\Http\Middleware\TransformsRequest.php(21): Illuminate\Pipeline\Pipeline->Illuminate\Pipeline\{closure}(Object(Illuminate\Http\Request))
#33 C:\Users\Rise Networks\Desktop\Kokokah.com\kokokah.com\vendor\laravel\framework\src\Illuminate\Foundation\Http\Middleware\TrimStrings.php(51): Illuminate\Foundation\Http\Middleware\TransformsRequest->handle(Object(Illuminate\Http\Request), Object(Closure))
#34 C:\Users\Rise Networks\Desktop\Kokokah.com\kokokah.com\vendor\laravel\framework\src\Illuminate\Pipeline\Pipeline.php(219): Illuminate\Foundation\Http\Middleware\TrimStrings->handle(Object(Illuminate\Http\Request), Object(Closure))
#35 C:\Users\Rise Networks\Desktop\Kokokah.com\kokokah.com\vendor\laravel\framework\src\Illuminate\Http\Middleware\ValidatePostSize.php(27): Illuminate\Pipeline\Pipeline->Illuminate\Pipeline\{closure}(Object(Illuminate\Http\Request))
#36 C:\Users\Rise Networks\Desktop\Kokokah.com\kokokah.com\vendor\laravel\framework\src\Illuminate\Pipeline\Pipeline.php(219): Illuminate\Http\Middleware\ValidatePostSize->handle(Object(Illuminate\Http\Request), Object(Closure))
#37 C:\Users\Rise Networks\Desktop\Kokokah.com\kokokah.com\vendor\laravel\framework\src\Illuminate\Foundation\Http\Middleware\PreventRequestsDuringMaintenance.php(109): Illuminate\Pipeline\Pipeline->Illuminate\Pipeline\{closure}(Object(Illuminate\Http\Request))
#38 C:\Users\Rise Networks\Desktop\Kokokah.com\kokokah.com\vendor\laravel\framework\src\Illuminate\Pipeline\Pipeline.php(219): Illuminate\Foundation\Http\Middleware\PreventRequestsDuringMaintenance->handle(Object(Illuminate\Http\Request), Object(Closure))
#39 C:\Users\Rise Networks\Desktop\Kokokah.com\kokokah.com\vendor\laravel\framework\src\Illuminate\Http\Middleware\HandleCors.php(61): Illuminate\Pipeline\Pipeline->Illuminate\Pipeline\{closure}(Object(Illuminate\Http\Request))
#40 C:\Users\Rise Networks\Desktop\Kokokah.com\kokokah.com\vendor\laravel\framework\src\Illuminate\Pipeline\Pipeline.php(219): Illuminate\Http\Middleware\HandleCors->handle(Object(Illuminate\Http\Request), Object(Closure))
#41 C:\Users\Rise Networks\Desktop\Kokokah.com\kokokah.com\vendor\laravel\framework\src\Illuminate\Http\Middleware\TrustProxies.php(58): Illuminate\Pipeline\Pipeline->Illuminate\Pipeline\{closure}(Object(Illuminate\Http\Request))
#42 C:\Users\Rise Networks\Desktop\Kokokah.com\kokokah.com\vendor\laravel\framework\src\Illuminate\Pipeline\Pipeline.php(219): Illuminate\Http\Middleware\TrustProxies->handle(Object(Illuminate\Http\Request), Object(Closure))
#43 C:\Users\Rise Networks\Desktop\Kokokah.com\kokokah.com\vendor\laravel\framework\src\Illuminate\Foundation\Http\Middleware\InvokeDeferredCallbacks.php(22): Illuminate\Pipeline\Pipeline->Illuminate\Pipeline\{closure}(Object(Illuminate\Http\Request))
#44 C:\Users\Rise Networks\Desktop\Kokokah.com\kokokah.com\vendor\laravel\framework\src\Illuminate\Pipeline\Pipeline.php(219): Illuminate\Foundation\Http\Middleware\InvokeDeferredCallbacks->handle(Object(Illuminate\Http\Request), Object(Closure))
#45 C:\Users\Rise Networks\Desktop\Kokokah.com\kokokah.com\vendor\laravel\framework\src\Illuminate\Http\Middleware\ValidatePathEncoding.php(26): Illuminate\Pipeline\Pipeline->Illuminate\Pipeline\{closure}(Object(Illuminate\Http\Request))
#46 C:\Users\Rise Networks\Desktop\Kokokah.com\kokokah.com\vendor\laravel\framework\src\Illuminate\Pipeline\Pipeline.php(219): Illuminate\Http\Middleware\ValidatePathEncoding->handle(Object(Illuminate\Http\Request), Object(Closure))
#47 C:\Users\Rise Networks\Desktop\Kokokah.com\kokokah.com\vendor\laravel\framework\src\Illuminate\Pipeline\Pipeline.php(137): Illuminate\Pipeline\Pipeline->Illuminate\Pipeline\{closure}(Object(Illuminate\Http\Request))
#48 C:\Users\Rise Networks\Desktop\Kokokah.com\kokokah.com\vendor\laravel\framework\src\Illuminate\Foundation\Http\Kernel.php(175): Illuminate\Pipeline\Pipeline->then(Object(Closure))
#49 C:\Users\Rise Networks\Desktop\Kokokah.com\kokokah.com\vendor\laravel\framework\src\Illuminate\Foundation\Http\Kernel.php(144): Illuminate\Foundation\Http\Kernel->sendRequestThroughRouter(Object(Illuminate\Http\Request))
#50 C:\Users\Rise Networks\Desktop\Kokokah.com\kokokah.com\vendor\laravel\framework\src\Illuminate\Foundation\Testing\Concerns\MakesHttpRequests.php(607): Illuminate\Foundation\Http\Kernel->handle(Object(Illuminate\Http\Request))
#51 C:\Users\Rise Networks\Desktop\Kokokah.com\kokokah.com\vendor\laravel\framework\src\Illuminate\Foundation\Testing\Concerns\MakesHttpRequests.php(573): Illuminate\Foundation\Testing\TestCase->call('GET', '/api/badges/ana...', Array, Array, Array, Array, '[]')
#52 C:\Users\Rise Networks\Desktop\Kokokah.com\kokokah.com\vendor\laravel\framework\src\Illuminate\Foundation\Testing\Concerns\MakesHttpRequests.php(381): Illuminate\Foundation\Testing\TestCase->json('GET', '/api/badges/ana...', Array, Array, 0)
#53 C:\Users\Rise Networks\Desktop\Kokokah.com\kokokah.com\tests\Feature\Endpoints\CertificateBadgeProgressEndpointsTest.php(155): Illuminate\Foundation\Testing\TestCase->getJson('/api/badges/ana...')
#54 C:\Users\Rise Networks\Desktop\Kokokah.com\kokokah.com\vendor\phpunit\phpunit\src\Framework\TestCase.php(1656): Tests\Feature\Endpoints\CertificateBadgeProgressEndpointsTest->test_get_badge_analytics()
#55 C:\Users\Rise Networks\Desktop\Kokokah.com\kokokah.com\vendor\phpunit\phpunit\src\Framework\TestCase.php(514): PHPUnit\Framework\TestCase->runTest()
#56 C:\Users\Rise Networks\Desktop\Kokokah.com\kokokah.com\vendor\phpunit\phpunit\src\Framework\TestRunner\TestRunner.php(87): PHPUnit\Framework\TestCase->runBare()
#57 C:\Users\Rise Networks\Desktop\Kokokah.com\kokokah.com\vendor\phpunit\phpunit\src\Framework\TestCase.php(361): PHPUnit\Framework\TestRunner->run(Object(Tests\Feature\Endpoints\CertificateBadgeProgressEndpointsTest))
#58 C:\Users\Rise Networks\Desktop\Kokokah.com\kokokah.com\vendor\phpunit\phpunit\src\Framework\TestSuite.php(369): PHPUnit\Framework\TestCase->run()
#59 C:\Users\Rise Networks\Desktop\Kokokah.com\kokokah.com\vendor\phpunit\phpunit\src\Framework\TestSuite.php(369): PHPUnit\Framework\TestSuite->run()
#60 C:\Users\Rise Networks\Desktop\Kokokah.com\kokokah.com\vendor\phpunit\phpunit\src\Framework\TestSuite.php(369): PHPUnit\Framework\TestSuite->run()
#61 C:\Users\Rise Networks\Desktop\Kokokah.com\kokokah.com\vendor\phpunit\phpunit\src\TextUI\TestRunner.php(64): PHPUnit\Framework\TestSuite->run()
#62 C:\Users\Rise Networks\Desktop\Kokokah.com\kokokah.com\vendor\phpunit\phpunit\src\TextUI\Application.php(211): PHPUnit\TextUI\TestRunner->run(Object(PHPUnit\TextUI\Configuration\Configuration), Object(PHPUnit\Runner\ResultCache\DefaultResultCache), Object(PHPUnit\Framework\TestSuite))
#63 C:\Users\Rise Networks\Desktop\Kokokah.com\kokokah.com\vendor\phpunit\phpunit\phpunit(104): PHPUnit\TextUI\Application->run(Array)
#64 {main}

Next Illuminate\Database\QueryException: SQLSTATE[HY000]: General error: 1 no such column: category (Connection: sqlite, SQL: select category, COUNT(*) as count from "badges" group by "category") in C:\Users\Rise Networks\Desktop\Kokokah.com\kokokah.com\vendor\laravel\framework\src\Illuminate\Database\Connection.php:824
Stack trace:
#0 C:\Users\Rise Networks\Desktop\Kokokah.com\kokokah.com\vendor\laravel\framework\src\Illuminate\Database\Connection.php(778): Illuminate\Database\Connection->runQueryCallback('select category...', Array, Object(Closure))
#1 C:\Users\Rise Networks\Desktop\Kokokah.com\kokokah.com\vendor\laravel\framework\src\Illuminate\Database\Connection.php(397): Illuminate\Database\Connection->run('select category...', Array, Object(Closure))
#2 C:\Users\Rise Networks\Desktop\Kokokah.com\kokokah.com\vendor\laravel\framework\src\Illuminate\Database\Query\Builder.php(3188): Illuminate\Database\Connection->select('select category...', Array, true)
#3 C:\Users\Rise Networks\Desktop\Kokokah.com\kokokah.com\vendor\laravel\framework\src\Illuminate\Database\Query\Builder.php(3446): Illuminate\Database\Query\Builder->runSelect()
#4 C:\Users\Rise Networks\Desktop\Kokokah.com\kokokah.com\vendor\laravel\framework\src\Illuminate\Database\Query\Builder.php(3763): Illuminate\Database\Query\Builder->Illuminate\Database\Query\{closure}()
#5 C:\Users\Rise Networks\Desktop\Kokokah.com\kokokah.com\vendor\laravel\framework\src\Illuminate\Database\Query\Builder.php(3442): Illuminate\Database\Query\Builder->onceWithColumns(Array, Object(Closure))
#6 C:\Users\Rise Networks\Desktop\Kokokah.com\kokokah.com\vendor\laravel\framework\src\Illuminate\Database\Eloquent\Builder.php(1067): Illuminate\Database\Query\Builder->pluck('count', 'category')
#7 C:\Users\Rise Networks\Desktop\Kokokah.com\kokokah.com\app\Http\Controllers\BadgeController.php(826): Illuminate\Database\Eloquent\Builder->pluck('count', 'category')
#8 C:\Users\Rise Networks\Desktop\Kokokah.com\kokokah.com\app\Http\Controllers\BadgeController.php(579): App\Http\Controllers\BadgeController->getBadgeCategoryDistribution()
#9 C:\Users\Rise Networks\Desktop\Kokokah.com\kokokah.com\vendor\laravel\framework\src\Illuminate\Routing\ControllerDispatcher.php(46): App\Http\Controllers\BadgeController->analytics()
#10 C:\Users\Rise Networks\Desktop\Kokokah.com\kokokah.com\vendor\laravel\framework\src\Illuminate\Routing\Route.php(265): Illuminate\Routing\ControllerDispatcher->dispatch(Object(Illuminate\Routing\Route), Object(App\Http\Controllers\BadgeController), 'analytics')
#11 C:\Users\Rise Networks\Desktop\Kokokah.com\kokokah.com\vendor\laravel\framework\src\Illuminate\Routing\Route.php(211): Illuminate\Routing\Route->runController()
#12 C:\Users\Rise Networks\Desktop\Kokokah.com\kokokah.com\vendor\laravel\framework\src\Illuminate\Routing\Router.php(822): Illuminate\Routing\Route->run()
#13 C:\Users\Rise Networks\Desktop\Kokokah.com\kokokah.com\vendor\laravel\framework\src\Illuminate\Pipeline\Pipeline.php(180): Illuminate\Routing\Router->Illuminate\Routing\{closure}(Object(Illuminate\Http\Request))
#14 C:\Users\Rise Networks\Desktop\Kokokah.com\kokokah.com\vendor\laravel\framework\src\Illuminate\Auth\Middleware\Authenticate.php(63): Illuminate\Pipeline\Pipeline->Illuminate\Pipeline\{closure}(Object(Illuminate\Http\Request))
#15 C:\Users\Rise Networks\Desktop\Kokokah.com\kokokah.com\vendor\laravel\framework\src\Illuminate\Pipeline\Pipeline.php(219): Illuminate\Auth\Middleware\Authenticate->handle(Object(Illuminate\Http\Request), Object(Closure), 'sanctum')
#16 C:\Users\Rise Networks\Desktop\Kokokah.com\kokokah.com\app\Http\Middleware\RateLimitMiddleware.php(33): Illuminate\Pipeline\Pipeline->Illuminate\Pipeline\{closure}(Object(Illuminate\Http\Request))
#17 C:\Users\Rise Networks\Desktop\Kokokah.com\kokokah.com\vendor\laravel\framework\src\Illuminate\Pipeline\Pipeline.php(219): App\Http\Middleware\RateLimitMiddleware->handle(Object(Illuminate\Http\Request), Object(Closure), 'api', 300)
#18 C:\Users\Rise Networks\Desktop\Kokokah.com\kokokah.com\vendor\laravel\framework\src\Illuminate\Pipeline\Pipeline.php(137): Illuminate\Pipeline\Pipeline->Illuminate\Pipeline\{closure}(Object(Illuminate\Http\Request))
#19 C:\Users\Rise Networks\Desktop\Kokokah.com\kokokah.com\vendor\laravel\framework\src\Illuminate\Routing\Router.php(821): Illuminate\Pipeline\Pipeline->then(Object(Closure))
#20 C:\Users\Rise Networks\Desktop\Kokokah.com\kokokah.com\vendor\laravel\framework\src\Illuminate\Routing\Router.php(800): Illuminate\Routing\Router->runRouteWithinStack(Object(Illuminate\Routing\Route), Object(Illuminate\Http\Request))
#21 C:\Users\Rise Networks\Desktop\Kokokah.com\kokokah.com\vendor\laravel\framework\src\Illuminate\Routing\Router.php(764): Illuminate\Routing\Router->runRoute(Object(Illuminate\Http\Request), Object(Illuminate\Routing\Route))
#22 C:\Users\Rise Networks\Desktop\Kokokah.com\kokokah.com\vendor\laravel\framework\src\Illuminate\Routing\Router.php(753): Illuminate\Routing\Router->dispatchToRoute(Object(Illuminate\Http\Request))
#23 C:\Users\Rise Networks\Desktop\Kokokah.com\kokokah.com\vendor\laravel\framework\src\Illuminate\Foundation\Http\Kernel.php(200): Illuminate\Routing\Router->dispatch(Object(Illuminate\Http\Request))
#24 C:\Users\Rise Networks\Desktop\Kokokah.com\kokokah.com\vendor\laravel\framework\src\Illuminate\Pipeline\Pipeline.php(180): Illuminate\Foundation\Http\Kernel->Illuminate\Foundation\Http\{closure}(Object(Illuminate\Http\Request))
#25 C:\Users\Rise Networks\Desktop\Kokokah.com\kokokah.com\app\Http\Middleware\SecurityHeadersMiddleware.php(16): Illuminate\Pipeline\Pipeline->Illuminate\Pipeline\{closure}(Object(Illuminate\Http\Request))
#26 C:\Users\Rise Networks\Desktop\Kokokah.com\kokokah.com\vendor\laravel\framework\src\Illuminate\Pipeline\Pipeline.php(219): App\Http\Middleware\SecurityHeadersMiddleware->handle(Object(Illuminate\Http\Request), Object(Closure))
#27 C:\Users\Rise Networks\Desktop\Kokokah.com\kokokah.com\vendor\laravel\framework\src\Illuminate\Foundation\Http\Middleware\TransformsRequest.php(21): Illuminate\Pipeline\Pipeline->Illuminate\Pipeline\{closure}(Object(Illuminate\Http\Request))
#28 C:\Users\Rise Networks\Desktop\Kokokah.com\kokokah.com\vendor\laravel\framework\src\Illuminate\Foundation\Http\Middleware\ConvertEmptyStringsToNull.php(31): Illuminate\Foundation\Http\Middleware\TransformsRequest->handle(Object(Illuminate\Http\Request), Object(Closure))
#29 C:\Users\Rise Networks\Desktop\Kokokah.com\kokokah.com\vendor\laravel\framework\src\Illuminate\Pipeline\Pipeline.php(219): Illuminate\Foundation\Http\Middleware\ConvertEmptyStringsToNull->handle(Object(Illuminate\Http\Request), Object(Closure))
#30 C:\Users\Rise Networks\Desktop\Kokokah.com\kokokah.com\vendor\laravel\framework\src\Illuminate\Foundation\Http\Middleware\TransformsRequest.php(21): Illuminate\Pipeline\Pipeline->Illuminate\Pipeline\{closure}(Object(Illuminate\Http\Request))
#31 C:\Users\Rise Networks\Desktop\Kokokah.com\kokokah.com\vendor\laravel\framework\src\Illuminate\Foundation\Http\Middleware\TrimStrings.php(51): Illuminate\Foundation\Http\Middleware\TransformsRequest->handle(Object(Illuminate\Http\Request), Object(Closure))
#32 C:\Users\Rise Networks\Desktop\Kokokah.com\kokokah.com\vendor\laravel\framework\src\Illuminate\Pipeline\Pipeline.php(219): Illuminate\Foundation\Http\Middleware\TrimStrings->handle(Object(Illuminate\Http\Request), Object(Closure))
#33 C:\Users\Rise Networks\Desktop\Kokokah.com\kokokah.com\vendor\laravel\framework\src\Illuminate\Http\Middleware\ValidatePostSize.php(27): Illuminate\Pipeline\Pipeline->Illuminate\Pipeline\{closure}(Object(Illuminate\Http\Request))
#34 C:\Users\Rise Networks\Desktop\Kokokah.com\kokokah.com\vendor\laravel\framework\src\Illuminate\Pipeline\Pipeline.php(219): Illuminate\Http\Middleware\ValidatePostSize->handle(Object(Illuminate\Http\Request), Object(Closure))
#35 C:\Users\Rise Networks\Desktop\Kokokah.com\kokokah.com\vendor\laravel\framework\src\Illuminate\Foundation\Http\Middleware\PreventRequestsDuringMaintenance.php(109): Illuminate\Pipeline\Pipeline->Illuminate\Pipeline\{closure}(Object(Illuminate\Http\Request))
#36 C:\Users\Rise Networks\Desktop\Kokokah.com\kokokah.com\vendor\laravel\framework\src\Illuminate\Pipeline\Pipeline.php(219): Illuminate\Foundation\Http\Middleware\PreventRequestsDuringMaintenance->handle(Object(Illuminate\Http\Request), Object(Closure))
#37 C:\Users\Rise Networks\Desktop\Kokokah.com\kokokah.com\vendor\laravel\framework\src\Illuminate\Http\Middleware\HandleCors.php(61): Illuminate\Pipeline\Pipeline->Illuminate\Pipeline\{closure}(Object(Illuminate\Http\Request))
#38 C:\Users\Rise Networks\Desktop\Kokokah.com\kokokah.com\vendor\laravel\framework\src\Illuminate\Pipeline\Pipeline.php(219): Illuminate\Http\Middleware\HandleCors->handle(Object(Illuminate\Http\Request), Object(Closure))
#39 C:\Users\Rise Networks\Desktop\Kokokah.com\kokokah.com\vendor\laravel\framework\src\Illuminate\Http\Middleware\TrustProxies.php(58): Illuminate\Pipeline\Pipeline->Illuminate\Pipeline\{closure}(Object(Illuminate\Http\Request))
#40 C:\Users\Rise Networks\Desktop\Kokokah.com\kokokah.com\vendor\laravel\framework\src\Illuminate\Pipeline\Pipeline.php(219): Illuminate\Http\Middleware\TrustProxies->handle(Object(Illuminate\Http\Request), Object(Closure))
#41 C:\Users\Rise Networks\Desktop\Kokokah.com\kokokah.com\vendor\laravel\framework\src\Illuminate\Foundation\Http\Middleware\InvokeDeferredCallbacks.php(22): Illuminate\Pipeline\Pipeline->Illuminate\Pipeline\{closure}(Object(Illuminate\Http\Request))
#42 C:\Users\Rise Networks\Desktop\Kokokah.com\kokokah.com\vendor\laravel\framework\src\Illuminate\Pipeline\Pipeline.php(219): Illuminate\Foundation\Http\Middleware\InvokeDeferredCallbacks->handle(Object(Illuminate\Http\Request), Object(Closure))
#43 C:\Users\Rise Networks\Desktop\Kokokah.com\kokokah.com\vendor\laravel\framework\src\Illuminate\Http\Middleware\ValidatePathEncoding.php(26): Illuminate\Pipeline\Pipeline->Illuminate\Pipeline\{closure}(Object(Illuminate\Http\Request))
#44 C:\Users\Rise Networks\Desktop\Kokokah.com\kokokah.com\vendor\laravel\framework\src\Illuminate\Pipeline\Pipeline.php(219): Illuminate\Http\Middleware\ValidatePathEncoding->handle(Object(Illuminate\Http\Request), Object(Closure))
#45 C:\Users\Rise Networks\Desktop\Kokokah.com\kokokah.com\vendor\laravel\framework\src\Illuminate\Pipeline\Pipeline.php(137): Illuminate\Pipeline\Pipeline->Illuminate\Pipeline\{closure}(Object(Illuminate\Http\Request))
#46 C:\Users\Rise Networks\Desktop\Kokokah.com\kokokah.com\vendor\laravel\framework\src\Illuminate\Foundation\Http\Kernel.php(175): Illuminate\Pipeline\Pipeline->then(Object(Closure))
#47 C:\Users\Rise Networks\Desktop\Kokokah.com\kokokah.com\vendor\laravel\framework\src\Illuminate\Foundation\Http\Kernel.php(144): Illuminate\Foundation\Http\Kernel->sendRequestThroughRouter(Object(Illuminate\Http\Request))
#48 C:\Users\Rise Networks\Desktop\Kokokah.com\kokokah.com\vendor\laravel\framework\src\Illuminate\Foundation\Testing\Concerns\MakesHttpRequests.php(607): Illuminate\Foundation\Http\Kernel->handle(Object(Illuminate\Http\Request))
#49 C:\Users\Rise Networks\Desktop\Kokokah.com\kokokah.com\vendor\laravel\framework\src\Illuminate\Foundation\Testing\Concerns\MakesHttpRequests.php(573): Illuminate\Foundation\Testing\TestCase->call('GET', '/api/badges/ana...', Array, Array, Array, Array, '[]')
#50 C:\Users\Rise Networks\Desktop\Kokokah.com\kokokah.com\vendor\laravel\framework\src\Illuminate\Foundation\Testing\Concerns\MakesHttpRequests.php(381): Illuminate\Foundation\Testing\TestCase->json('GET', '/api/badges/ana...', Array, Array, 0)
#51 C:\Users\Rise Networks\Desktop\Kokokah.com\kokokah.com\tests\Feature\Endpoints\CertificateBadgeProgressEndpointsTest.php(155): Illuminate\Foundation\Testing\TestCase->getJson('/api/badges/ana...')
#52 C:\Users\Rise Networks\Desktop\Kokokah.com\kokokah.com\vendor\phpunit\phpunit\src\Framework\TestCase.php(1656): Tests\Feature\Endpoints\CertificateBadgeProgressEndpointsTest->test_get_badge_analytics()
#53 C:\Users\Rise Networks\Desktop\Kokokah.com\kokokah.com\vendor\phpunit\phpunit\src\Framework\TestCase.php(514): PHPUnit\Framework\TestCase->runTest()
#54 C:\Users\Rise Networks\Desktop\Kokokah.com\kokokah.com\vendor\phpunit\phpunit\src\Framework\TestRunner\TestRunner.php(87): PHPUnit\Framework\TestCase->runBare()
#55 C:\Users\Rise Networks\Desktop\Kokokah.com\kokokah.com\vendor\phpunit\phpunit\src\Framework\TestCase.php(361): PHPUnit\Framework\TestRunner->run(Object(Tests\Feature\Endpoints\CertificateBadgeProgressEndpointsTest))
#56 C:\Users\Rise Networks\Desktop\Kokokah.com\kokokah.com\vendor\phpunit\phpunit\src\Framework\TestSuite.php(369): PHPUnit\Framework\TestCase->run()
#57 C:\Users\Rise Networks\Desktop\Kokokah.com\kokokah.com\vendor\phpunit\phpunit\src\Framework\TestSuite.php(369): PHPUnit\Framework\TestSuite->run()
#58 C:\Users\Rise Networks\Desktop\Kokokah.com\kokokah.com\vendor\phpunit\phpunit\src\Framework\TestSuite.php(369): PHPUnit\Framework\TestSuite->run()
#59 C:\Users\Rise Networks\Desktop\Kokokah.com\kokokah.com\vendor\phpunit\phpunit\src\TextUI\TestRunner.php(64): PHPUnit\Framework\TestSuite->run()
#60 C:\Users\Rise Networks\Desktop\Kokokah.com\kokokah.com\vendor\phpunit\phpunit\src\TextUI\Application.php(211): PHPUnit\TextUI\TestRunner->run(Object(PHPUnit\TextUI\Configuration\Configuration), Object(PHPUnit\Runner\ResultCache\DefaultResultCache), Object(PHPUnit\Framework\TestSuite))
#61 C:\Users\Rise Networks\Desktop\Kokokah.com\kokokah.com\vendor\phpunit\phpunit\phpunit(104): PHPUnit\TextUI\Application->run(Array)
#62 {main}

----------------------------------------------------------------------------------

SQLSTATE[HY000]: General error: 1 no such column: category (Connection: sqlite, SQL: select category, COUNT(*) as count from "badges" group by "category")

  at tests\Feature\Endpoints\CertificateBadgeProgressEndpointsTest.php:157
    153Γûò     {
    154Γûò         $response = $this->withHeader('Authorization', "Bearer $this->adminToken")
    155Γûò                         ->getJson('/api/badges/analytics');
    156Γûò 
  Γ₧£ 157Γûò         $response->assertStatus(200);
    158Γûò     }
    159Γûò 
    160Γûò     /**
    161Γûò      * Test get badge leaderboard endpoint

  ΓöÇΓöÇΓöÇΓöÇΓöÇΓöÇΓöÇΓöÇΓöÇΓöÇΓöÇΓöÇΓöÇΓöÇΓöÇΓöÇΓöÇΓöÇΓöÇΓöÇΓöÇΓöÇΓöÇΓöÇΓöÇΓöÇΓöÇΓöÇΓöÇΓöÇΓöÇΓöÇΓöÇΓöÇΓöÇΓöÇΓöÇΓöÇΓöÇΓöÇΓöÇΓöÇΓöÇΓöÇΓöÇΓöÇΓöÇΓöÇΓöÇΓöÇΓöÇΓöÇΓöÇΓöÇΓöÇΓöÇΓöÇΓöÇΓöÇΓöÇΓöÇΓöÇΓöÇΓöÇΓöÇΓöÇΓöÇΓöÇΓöÇΓöÇΓöÇΓöÇΓöÇΓöÇΓöÇΓöÇΓöÇΓöÇΓöÇΓöÇΓöÇΓöÇΓöÇΓöÇΓöÇΓöÇΓöÇΓöÇΓöÇΓöÇΓöÇΓöÇΓöÇΓöÇΓöÇΓöÇΓöÇΓöÇΓöÇΓöÇΓöÇΓöÇΓöÇΓöÇΓöÇΓöÇΓöÇΓöÇΓöÇΓöÇΓöÇΓöÇΓöÇΓöÇΓöÇΓöÇΓöÇΓöÇΓöÇΓöÇΓöÇΓöÇΓöÇΓöÇΓöÇΓöÇΓöÇΓöÇΓöÇΓöÇΓöÇΓöÇΓöÇΓöÇΓöÇΓöÇΓöÇΓöÇΓöÇΓöÇΓöÇΓöÇΓöÇΓöÇΓöÇΓöÇΓöÇΓöÇΓöÇΓöÇΓöÇΓöÇΓöÇΓöÇΓöÇΓöÇΓöÇΓöÇΓöÇΓöÇΓöÇΓöÇΓöÇΓöÇΓöÇΓöÇΓöÇΓöÇΓöÇΓöÇΓöÇΓöÇ  
   FAILED  Tests\Feature\Endpoints\CertificateBadgeProgressEndpointsTest > create badge                                                                                         
  Expected response status code [201] but received 500.
Failed asserting that 500 is identical to 201.

  at tests\Feature\Endpoints\CertificateBadgeProgressEndpointsTest.php:190
    186Γûò                             'points' => 100,
    187Γûò                             'icon' => $icon
    188Γûò                         ]);
    189Γûò 
  Γ₧£ 190Γûò         $response->assertStatus(201);
    191Γûò     }
    192Γûò 
    193Γûò     /**
    194Γûò      * Test award badge endpoint

  ΓöÇΓöÇΓöÇΓöÇΓöÇΓöÇΓöÇΓöÇΓöÇΓöÇΓöÇΓöÇΓöÇΓöÇΓöÇΓöÇΓöÇΓöÇΓöÇΓöÇΓöÇΓöÇΓöÇΓöÇΓöÇΓöÇΓöÇΓöÇΓöÇΓöÇΓöÇΓöÇΓöÇΓöÇΓöÇΓöÇΓöÇΓöÇΓöÇΓöÇΓöÇΓöÇΓöÇΓöÇΓöÇΓöÇΓöÇΓöÇΓöÇΓöÇΓöÇΓöÇΓöÇΓöÇΓöÇΓöÇΓöÇΓöÇΓöÇΓöÇΓöÇΓöÇΓöÇΓöÇΓöÇΓöÇΓöÇΓöÇΓöÇΓöÇΓöÇΓöÇΓöÇΓöÇΓöÇΓöÇΓöÇΓöÇΓöÇΓöÇΓöÇΓöÇΓöÇΓöÇΓöÇΓöÇΓöÇΓöÇΓöÇΓöÇΓöÇΓöÇΓöÇΓöÇΓöÇΓöÇΓöÇΓöÇΓöÇΓöÇΓöÇΓöÇΓöÇΓöÇΓöÇΓöÇΓöÇΓöÇΓöÇΓöÇΓöÇΓöÇΓöÇΓöÇΓöÇΓöÇΓöÇΓöÇΓöÇΓöÇΓöÇΓöÇΓöÇΓöÇΓöÇΓöÇΓöÇΓöÇΓöÇΓöÇΓöÇΓöÇΓöÇΓöÇΓöÇΓöÇΓöÇΓöÇΓöÇΓöÇΓöÇΓöÇΓöÇΓöÇΓöÇΓöÇΓöÇΓöÇΓöÇΓöÇΓöÇΓöÇΓöÇΓöÇΓöÇΓöÇΓöÇΓöÇΓöÇΓöÇΓöÇΓöÇΓöÇΓöÇΓöÇΓöÇΓöÇΓöÇΓöÇΓöÇΓöÇΓöÇ  
   FAILED  Tests\Feature\Endpoints\CertificateBadgeProgressEndpointsTest > get lesson progress                                                                                  
  Expected response status code [200] but received 403.
Failed asserting that 403 is identical to 200.

  at tests\Feature\Endpoints\CertificateBadgeProgressEndpointsTest.php:228
    224Γûò     {
    225Γûò         $response = $this->withHeader('Authorization', "Bearer $this->studentToken")
    226Γûò                         ->getJson('/api/progress/lessons?course_id=' . $this->course->id);
    227Γûò 
  Γ₧£ 228Γûò         $response->assertStatus(200);
    229Γûò     }
    230Γûò 
    231Γûò     /**
    232Γûò      * Test get overall progress endpoint

  ΓöÇΓöÇΓöÇΓöÇΓöÇΓöÇΓöÇΓöÇΓöÇΓöÇΓöÇΓöÇΓöÇΓöÇΓöÇΓöÇΓöÇΓöÇΓöÇΓöÇΓöÇΓöÇΓöÇΓöÇΓöÇΓöÇΓöÇΓöÇΓöÇΓöÇΓöÇΓöÇΓöÇΓöÇΓöÇΓöÇΓöÇΓöÇΓöÇΓöÇΓöÇΓöÇΓöÇΓöÇΓöÇΓöÇΓöÇΓöÇΓöÇΓöÇΓöÇΓöÇΓöÇΓöÇΓöÇΓöÇΓöÇΓöÇΓöÇΓöÇΓöÇΓöÇΓöÇΓöÇΓöÇΓöÇΓöÇΓöÇΓöÇΓöÇΓöÇΓöÇΓöÇΓöÇΓöÇΓöÇΓöÇΓöÇΓöÇΓöÇΓöÇΓöÇΓöÇΓöÇΓöÇΓöÇΓöÇΓöÇΓöÇΓöÇΓöÇΓöÇΓöÇΓöÇΓöÇΓöÇΓöÇΓöÇΓöÇΓöÇΓöÇΓöÇΓöÇΓöÇΓöÇΓöÇΓöÇΓöÇΓöÇΓöÇΓöÇΓöÇΓöÇΓöÇΓöÇΓöÇΓöÇΓöÇΓöÇΓöÇΓöÇΓöÇΓöÇΓöÇΓöÇΓöÇΓöÇΓöÇΓöÇΓöÇΓöÇΓöÇΓöÇΓöÇΓöÇΓöÇΓöÇΓöÇΓöÇΓöÇΓöÇΓöÇΓöÇΓöÇΓöÇΓöÇΓöÇΓöÇΓöÇΓöÇΓöÇΓöÇΓöÇΓöÇΓöÇΓöÇΓöÇΓöÇΓöÇΓöÇΓöÇΓöÇΓöÇΓöÇΓöÇΓöÇΓöÇΓöÇΓöÇΓöÇΓöÇΓöÇ  
   FAILED  Tests\Feature\Endpoints\CertificateBadgeProgressEndpointsTest > update progress                                                                                      
  Expected response status code [200] but received 500.
Failed asserting that 500 is identical to 200.

  at tests\Feature\Endpoints\CertificateBadgeProgressEndpointsTest.php:254
    250Γûò                             'item_id' => $this->lesson->id,
    251Γûò                             'progress_data' => ['completed' => true]
    252Γûò                         ]);
    253Γûò 
  Γ₧£ 254Γûò         $response->assertStatus(200);
    255Γûò     }
    256Γûò 
    257Γûò     /**
    258Γûò      * Test get available certificates endpoint

  ΓöÇΓöÇΓöÇΓöÇΓöÇΓöÇΓöÇΓöÇΓöÇΓöÇΓöÇΓöÇΓöÇΓöÇΓöÇΓöÇΓöÇΓöÇΓöÇΓöÇΓöÇΓöÇΓöÇΓöÇΓöÇΓöÇΓöÇΓöÇΓöÇΓöÇΓöÇΓöÇΓöÇΓöÇΓöÇΓöÇΓöÇΓöÇΓöÇΓöÇΓöÇΓöÇΓöÇΓöÇΓöÇΓöÇΓöÇΓöÇΓöÇΓöÇΓöÇΓöÇΓöÇΓöÇΓöÇΓöÇΓöÇΓöÇΓöÇΓöÇΓöÇΓöÇΓöÇΓöÇΓöÇΓöÇΓöÇΓöÇΓöÇΓöÇΓöÇΓöÇΓöÇΓöÇΓöÇΓöÇΓöÇΓöÇΓöÇΓöÇΓöÇΓöÇΓöÇΓöÇΓöÇΓöÇΓöÇΓöÇΓöÇΓöÇΓöÇΓöÇΓöÇΓöÇΓöÇΓöÇΓöÇΓöÇΓöÇΓöÇΓöÇΓöÇΓöÇΓöÇΓöÇΓöÇΓöÇΓöÇΓöÇΓöÇΓöÇΓöÇΓöÇΓöÇΓöÇΓöÇΓöÇΓöÇΓöÇΓöÇΓöÇΓöÇΓöÇΓöÇΓöÇΓöÇΓöÇΓöÇΓöÇΓöÇΓöÇΓöÇΓöÇΓöÇΓöÇΓöÇΓöÇΓöÇΓöÇΓöÇΓöÇΓöÇΓöÇΓöÇΓöÇΓöÇΓöÇΓöÇΓöÇΓöÇΓöÇΓöÇΓöÇΓöÇΓöÇΓöÇΓöÇΓöÇΓöÇΓöÇΓöÇΓöÇΓöÇΓöÇΓöÇΓöÇΓöÇΓöÇΓöÇΓöÇΓöÇΓöÇ  
   FAILED  Tests\Feature\Endpoints\NotificationFileChatEndpointsTest > send notification                                                                                        
  Expected response status code [200] but received 500.
Failed asserting that 500 is identical to 200.

  at tests\Feature\Endpoints\NotificationFileChatEndpointsTest.php:113
    109Γûò                             'title' => 'Test',
    110Γûò                             'message' => 'Test message'
    111Γûò                         ]);
    112Γûò 
  Γ₧£ 113Γûò         $response->assertStatus(200);
    114Γûò     }
    115Γûò 
    116Γûò     /**
    117Γûò      * Test broadcast notification endpoint

  ΓöÇΓöÇΓöÇΓöÇΓöÇΓöÇΓöÇΓöÇΓöÇΓöÇΓöÇΓöÇΓöÇΓöÇΓöÇΓöÇΓöÇΓöÇΓöÇΓöÇΓöÇΓöÇΓöÇΓöÇΓöÇΓöÇΓöÇΓöÇΓöÇΓöÇΓöÇΓöÇΓöÇΓöÇΓöÇΓöÇΓöÇΓöÇΓöÇΓöÇΓöÇΓöÇΓöÇΓöÇΓöÇΓöÇΓöÇΓöÇΓöÇΓöÇΓöÇΓöÇΓöÇΓöÇΓöÇΓöÇΓöÇΓöÇΓöÇΓöÇΓöÇΓöÇΓöÇΓöÇΓöÇΓöÇΓöÇΓöÇΓöÇΓöÇΓöÇΓöÇΓöÇΓöÇΓöÇΓöÇΓöÇΓöÇΓöÇΓöÇΓöÇΓöÇΓöÇΓöÇΓöÇΓöÇΓöÇΓöÇΓöÇΓöÇΓöÇΓöÇΓöÇΓöÇΓöÇΓöÇΓöÇΓöÇΓöÇΓöÇΓöÇΓöÇΓöÇΓöÇΓöÇΓöÇΓöÇΓöÇΓöÇΓöÇΓöÇΓöÇΓöÇΓöÇΓöÇΓöÇΓöÇΓöÇΓöÇΓöÇΓöÇΓöÇΓöÇΓöÇΓöÇΓöÇΓöÇΓöÇΓöÇΓöÇΓöÇΓöÇΓöÇΓöÇΓöÇΓöÇΓöÇΓöÇΓöÇΓöÇΓöÇΓöÇΓöÇΓöÇΓöÇΓöÇΓöÇΓöÇΓöÇΓöÇΓöÇΓöÇΓöÇΓöÇΓöÇΓöÇΓöÇΓöÇΓöÇΓöÇΓöÇΓöÇΓöÇΓöÇΓöÇΓöÇΓöÇΓöÇΓöÇΓöÇΓöÇΓöÇ  
   FAILED  Tests\Feature\Endpoints\NotificationFileChatEndpointsTest > notification analytics                                                                                   
  Expected response status code [200] but received 500.
Failed asserting that 500 is identical to 200.

  at tests\Feature\Endpoints\NotificationFileChatEndpointsTest.php:140
    136Γûò     {
    137Γûò         $response = $this->withHeader('Authorization', "Bearer $this->adminToken")
    138Γûò                         ->getJson('/api/notifications/analytics');
    139Γûò 
  Γ₧£ 140Γûò         $response->assertStatus(200);
    141Γûò     }
    142Γûò 
    143Γûò     /**
    144Γûò      * Test file upload endpoint

  ΓöÇΓöÇΓöÇΓöÇΓöÇΓöÇΓöÇΓöÇΓöÇΓöÇΓöÇΓöÇΓöÇΓöÇΓöÇΓöÇΓöÇΓöÇΓöÇΓöÇΓöÇΓöÇΓöÇΓöÇΓöÇΓöÇΓöÇΓöÇΓöÇΓöÇΓöÇΓöÇΓöÇΓöÇΓöÇΓöÇΓöÇΓöÇΓöÇΓöÇΓöÇΓöÇΓöÇΓöÇΓöÇΓöÇΓöÇΓöÇΓöÇΓöÇΓöÇΓöÇΓöÇΓöÇΓöÇΓöÇΓöÇΓöÇΓöÇΓöÇΓöÇΓöÇΓöÇΓöÇΓöÇΓöÇΓöÇΓöÇΓöÇΓöÇΓöÇΓöÇΓöÇΓöÇΓöÇΓöÇΓöÇΓöÇΓöÇΓöÇΓöÇΓöÇΓöÇΓöÇΓöÇΓöÇΓöÇΓöÇΓöÇΓöÇΓöÇΓöÇΓöÇΓöÇΓöÇΓöÇΓöÇΓöÇΓöÇΓöÇΓöÇΓöÇΓöÇΓöÇΓöÇΓöÇΓöÇΓöÇΓöÇΓöÇΓöÇΓöÇΓöÇΓöÇΓöÇΓöÇΓöÇΓöÇΓöÇΓöÇΓöÇΓöÇΓöÇΓöÇΓöÇΓöÇΓöÇΓöÇΓöÇΓöÇΓöÇΓöÇΓöÇΓöÇΓöÇΓöÇΓöÇΓöÇΓöÇΓöÇΓöÇΓöÇΓöÇΓöÇΓöÇΓöÇΓöÇΓöÇΓöÇΓöÇΓöÇΓöÇΓöÇΓöÇΓöÇΓöÇΓöÇΓöÇΓöÇΓöÇΓöÇΓöÇΓöÇΓöÇΓöÇΓöÇΓöÇΓöÇΓöÇΓöÇΓöÇΓöÇ  
   FAILED  Tests\Feature\Endpoints\NotificationFileChatEndpointsTest > file download                                                                                            
  Expected response status code [404] but received 500.
Failed asserting that 500 is identical to 404.

  at tests\Feature\Endpoints\NotificationFileChatEndpointsTest.php:167
    163Γûò     {
    164Γûò         $response = $this->withHeader('Authorization', "Bearer $this->userToken")
    165Γûò                         ->getJson('/api/files/download/1');
    166Γûò 
  Γ₧£ 167Γûò         $response->assertStatus(404);
    168Γûò     }
    169Γûò 
    170Γûò     /**
    171Γûò      * Test file delete endpoint

  ΓöÇΓöÇΓöÇΓöÇΓöÇΓöÇΓöÇΓöÇΓöÇΓöÇΓöÇΓöÇΓöÇΓöÇΓöÇΓöÇΓöÇΓöÇΓöÇΓöÇΓöÇΓöÇΓöÇΓöÇΓöÇΓöÇΓöÇΓöÇΓöÇΓöÇΓöÇΓöÇΓöÇΓöÇΓöÇΓöÇΓöÇΓöÇΓöÇΓöÇΓöÇΓöÇΓöÇΓöÇΓöÇΓöÇΓöÇΓöÇΓöÇΓöÇΓöÇΓöÇΓöÇΓöÇΓöÇΓöÇΓöÇΓöÇΓöÇΓöÇΓöÇΓöÇΓöÇΓöÇΓöÇΓöÇΓöÇΓöÇΓöÇΓöÇΓöÇΓöÇΓöÇΓöÇΓöÇΓöÇΓöÇΓöÇΓöÇΓöÇΓöÇΓöÇΓöÇΓöÇΓöÇΓöÇΓöÇΓöÇΓöÇΓöÇΓöÇΓöÇΓöÇΓöÇΓöÇΓöÇΓöÇΓöÇΓöÇΓöÇΓöÇΓöÇΓöÇΓöÇΓöÇΓöÇΓöÇΓöÇΓöÇΓöÇΓöÇΓöÇΓöÇΓöÇΓöÇΓöÇΓöÇΓöÇΓöÇΓöÇΓöÇΓöÇΓöÇΓöÇΓöÇΓöÇΓöÇΓöÇΓöÇΓöÇΓöÇΓöÇΓöÇΓöÇΓöÇΓöÇΓöÇΓöÇΓöÇΓöÇΓöÇΓöÇΓöÇΓöÇΓöÇΓöÇΓöÇΓöÇΓöÇΓöÇΓöÇΓöÇΓöÇΓöÇΓöÇΓöÇΓöÇΓöÇΓöÇΓöÇΓöÇΓöÇΓöÇΓöÇΓöÇΓöÇΓöÇΓöÇΓöÇΓöÇΓöÇΓöÇ  
   FAILED  Tests\Feature\Endpoints\NotificationFileChatEndpointsTest > file delete                                                                                              
  Expected response status code [404] but received 500.
Failed asserting that 500 is identical to 404.

  at tests\Feature\Endpoints\NotificationFileChatEndpointsTest.php:178
    174Γûò     {
    175Γûò         $response = $this->withHeader('Authorization', "Bearer $this->userToken")
    176Γûò                         ->deleteJson('/api/files/1');
    177Γûò 
  Γ₧£ 178Γûò         $response->assertStatus(404);
    179Γûò     }
    180Γûò 
    181Γûò     /**
    182Γûò      * Test list files endpoint

  ΓöÇΓöÇΓöÇΓöÇΓöÇΓöÇΓöÇΓöÇΓöÇΓöÇΓöÇΓöÇΓöÇΓöÇΓöÇΓöÇΓöÇΓöÇΓöÇΓöÇΓöÇΓöÇΓöÇΓöÇΓöÇΓöÇΓöÇΓöÇΓöÇΓöÇΓöÇΓöÇΓöÇΓöÇΓöÇΓöÇΓöÇΓöÇΓöÇΓöÇΓöÇΓöÇΓöÇΓöÇΓöÇΓöÇΓöÇΓöÇΓöÇΓöÇΓöÇΓöÇΓöÇΓöÇΓöÇΓöÇΓöÇΓöÇΓöÇΓöÇΓöÇΓöÇΓöÇΓöÇΓöÇΓöÇΓöÇΓöÇΓöÇΓöÇΓöÇΓöÇΓöÇΓöÇΓöÇΓöÇΓöÇΓöÇΓöÇΓöÇΓöÇΓöÇΓöÇΓöÇΓöÇΓöÇΓöÇΓöÇΓöÇΓöÇΓöÇΓöÇΓöÇΓöÇΓöÇΓöÇΓöÇΓöÇΓöÇΓöÇΓöÇΓöÇΓöÇΓöÇΓöÇΓöÇΓöÇΓöÇΓöÇΓöÇΓöÇΓöÇΓöÇΓöÇΓöÇΓöÇΓöÇΓöÇΓöÇΓöÇΓöÇΓöÇΓöÇΓöÇΓöÇΓöÇΓöÇΓöÇΓöÇΓöÇΓöÇΓöÇΓöÇΓöÇΓöÇΓöÇΓöÇΓöÇΓöÇΓöÇΓöÇΓöÇΓöÇΓöÇΓöÇΓöÇΓöÇΓöÇΓöÇΓöÇΓöÇΓöÇΓöÇΓöÇΓöÇΓöÇΓöÇΓöÇΓöÇΓöÇΓöÇΓöÇΓöÇΓöÇΓöÇΓöÇΓöÇΓöÇΓöÇΓöÇΓöÇΓöÇ  
   FAILED  Tests\Feature\Endpoints\NotificationFileChatEndpointsTest > file preview                                                                                             
  Expected response status code [404] but received 500.
Failed asserting that 500 is identical to 404.

  at tests\Feature\Endpoints\NotificationFileChatEndpointsTest.php:200
    196Γûò     {
    197Γûò         $response = $this->withHeader('Authorization', "Bearer $this->userToken")
    198Γûò                         ->getJson('/api/files/preview/1');
    199Γûò 
  Γ₧£ 200Γûò         $response->assertStatus(404);
    201Γûò     }
    202Γûò 
    203Γûò     /**
    204Γûò      * Test file share endpoint

  ΓöÇΓöÇΓöÇΓöÇΓöÇΓöÇΓöÇΓöÇΓöÇΓöÇΓöÇΓöÇΓöÇΓöÇΓöÇΓöÇΓöÇΓöÇΓöÇΓöÇΓöÇΓöÇΓöÇΓöÇΓöÇΓöÇΓöÇΓöÇΓöÇΓöÇΓöÇΓöÇΓöÇΓöÇΓöÇΓöÇΓöÇΓöÇΓöÇΓöÇΓöÇΓöÇΓöÇΓöÇΓöÇΓöÇΓöÇΓöÇΓöÇΓöÇΓöÇΓöÇΓöÇΓöÇΓöÇΓöÇΓöÇΓöÇΓöÇΓöÇΓöÇΓöÇΓöÇΓöÇΓöÇΓöÇΓöÇΓöÇΓöÇΓöÇΓöÇΓöÇΓöÇΓöÇΓöÇΓöÇΓöÇΓöÇΓöÇΓöÇΓöÇΓöÇΓöÇΓöÇΓöÇΓöÇΓöÇΓöÇΓöÇΓöÇΓöÇΓöÇΓöÇΓöÇΓöÇΓöÇΓöÇΓöÇΓöÇΓöÇΓöÇΓöÇΓöÇΓöÇΓöÇΓöÇΓöÇΓöÇΓöÇΓöÇΓöÇΓöÇΓöÇΓöÇΓöÇΓöÇΓöÇΓöÇΓöÇΓöÇΓöÇΓöÇΓöÇΓöÇΓöÇΓöÇΓöÇΓöÇΓöÇΓöÇΓöÇΓöÇΓöÇΓöÇΓöÇΓöÇΓöÇΓöÇΓöÇΓöÇΓöÇΓöÇΓöÇΓöÇΓöÇΓöÇΓöÇΓöÇΓöÇΓöÇΓöÇΓöÇΓöÇΓöÇΓöÇΓöÇΓöÇΓöÇΓöÇΓöÇΓöÇΓöÇΓöÇΓöÇΓöÇΓöÇΓöÇΓöÇΓöÇΓöÇΓöÇΓöÇ  
   FAILED  Tests\Feature\Endpoints\NotificationFileChatEndpointsTest > file share                                                                                               
  Expected response status code [404] but received 500.
Failed asserting that 500 is identical to 404.

  at tests\Feature\Endpoints\NotificationFileChatEndpointsTest.php:213
    209Γûò                         ->postJson('/api/files/1/share', [
    210Γûò                             'user_ids' => [1, 2, 3]
    211Γûò                         ]);
    212Γûò 
  Γ₧£ 213Γûò         $response->assertStatus(404);
    214Γûò     }
    215Γûò 
    216Γûò     /**
    217Γûò      * Test file storage stats endpoint


  Tests:    25 failed, 9 skipped, 229 passed (360 assertions)
  Duration: 30.39s

